Archive member included to satisfy reference by file (symbol)

/usr/local/Cellar/arm-none-eabi-gcc/10.3-2021.10/gcc/bin/../lib/gcc/arm-none-eabi/10.3.1/libgcc.a(_thumb1_case_sqi.o)
                              obj/printf.o (__gnu_thumb1_case_sqi)
/usr/local/Cellar/arm-none-eabi-gcc/10.3-2021.10/gcc/bin/../lib/gcc/arm-none-eabi/10.3.1/libgcc.a(_thumb1_case_uqi.o)
                              obj/iso15693.o (__gnu_thumb1_case_uqi)
/usr/local/Cellar/arm-none-eabi-gcc/10.3-2021.10/gcc/bin/../lib/gcc/arm-none-eabi/10.3.1/libgcc.a(_thumb1_case_shi.o)
                              obj/iso15693.o (__gnu_thumb1_case_shi)
/usr/local/Cellar/arm-none-eabi-gcc/10.3-2021.10/gcc/bin/../lib/gcc/arm-none-eabi/10.3.1/libgcc.a(_thumb1_case_uhi.o)
                              obj/hitag2.o (__gnu_thumb1_case_uhi)
/usr/local/Cellar/arm-none-eabi-gcc/10.3-2021.10/gcc/bin/../lib/gcc/arm-none-eabi/10.3.1/libgcc.a(_thumb1_case_si.o)
                              obj/appmain.o (__gnu_thumb1_case_si)
/usr/local/Cellar/arm-none-eabi-gcc/10.3-2021.10/gcc/bin/../lib/gcc/arm-none-eabi/10.3.1/libgcc.a(_udivsi3.o)
                              obj/lfsampling.o (__aeabi_uidiv)
/usr/local/Cellar/arm-none-eabi-gcc/10.3-2021.10/gcc/bin/../lib/gcc/arm-none-eabi/10.3.1/libgcc.a(_divsi3.o)
                              obj/lfops.o (__aeabi_idiv)
/usr/local/Cellar/arm-none-eabi-gcc/10.3-2021.10/gcc/bin/../lib/gcc/arm-none-eabi/10.3.1/libgcc.a(_dvmd_tls.o)
                              /usr/local/Cellar/arm-none-eabi-gcc/10.3-2021.10/gcc/bin/../lib/gcc/arm-none-eabi/10.3.1/libgcc.a(_udivsi3.o) (__aeabi_idiv0)
/usr/local/Cellar/arm-none-eabi-gcc/10.3-2021.10/gcc/bin/../lib/gcc/arm-none-eabi/10.3.1/libgcc.a(_lshrdi3.o)
                              obj/hitag2_crypto.o (__aeabi_llsr)
/usr/local/Cellar/arm-none-eabi-gcc/10.3-2021.10/gcc/bin/../lib/gcc/arm-none-eabi/10.3.1/libgcc.a(_ashldi3.o)
                              obj/hitag2_crypto.o (__aeabi_llsl)
/usr/local/Cellar/arm-none-eabi-gcc/10.3-2021.10/gcc/bin/../lib/gcc/arm-none-eabi/10.3.1/libgcc.a(_arm_addsubdf3.o)
                              obj/i2c.o (__aeabi_ui2d)
/usr/local/Cellar/arm-none-eabi-gcc/10.3-2021.10/gcc/bin/../lib/gcc/arm-none-eabi/10.3.1/libgcc.a(_arm_muldivdf3.o)
                              obj/i2c.o (__aeabi_ddiv)
/usr/local/Cellar/arm-none-eabi-gcc/10.3-2021.10/gcc/bin/../lib/gcc/arm-none-eabi/10.3.1/libgcc.a(_arm_fixunsdfsi.o)
                              obj/i2c.o (__aeabi_d2uiz)
/usr/local/Cellar/arm-none-eabi-gcc/10.3-2021.10/gcc/bin/../lib/gcc/arm-none-eabi/10.3.1/libgcc.a(_ctzsi2.o)
                              obj/lz4.o (__ctzsi2)
/usr/local/Cellar/arm-none-eabi-gcc/10.3-2021.10/gcc/bin/../lib/gcc/arm-none-eabi/10.3.1/libgcc.a(_aeabi_ldivmod.o)
                              obj/appmain.o (__aeabi_ldivmod)
/usr/local/Cellar/arm-none-eabi-gcc/10.3-2021.10/gcc/bin/../lib/gcc/arm-none-eabi/10.3.1/libgcc.a(_aeabi_uldivmod.o)
                              obj/appmain.o (__aeabi_uldivmod)
/usr/local/Cellar/arm-none-eabi-gcc/10.3-2021.10/gcc/bin/../lib/gcc/arm-none-eabi/10.3.1/libgcc.a(_muldi3.o)
                              obj/lfops.o (__aeabi_lmul)
/usr/local/Cellar/arm-none-eabi-gcc/10.3-2021.10/gcc/bin/../lib/gcc/arm-none-eabi/10.3.1/libgcc.a(_paritysi2.o)
                              obj/lfdemod.o (__paritysi2)
/usr/local/Cellar/arm-none-eabi-gcc/10.3-2021.10/gcc/bin/../lib/gcc/arm-none-eabi/10.3.1/libgcc.a(_paritydi2.o)
                              obj/hitag2_crypto.o (__paritydi2)
/usr/local/Cellar/arm-none-eabi-gcc/10.3-2021.10/gcc/bin/../lib/gcc/arm-none-eabi/10.3.1/libgcc.a(_bswapsi2.o)
                              obj/hitagS.o (__bswapsi2)
/usr/local/Cellar/arm-none-eabi-gcc/10.3-2021.10/gcc/bin/../lib/gcc/arm-none-eabi/10.3.1/libgcc.a(_bswapdi2.o)
                              obj/generator.o (__bswapdi2)
/usr/local/Cellar/arm-none-eabi-gcc/10.3-2021.10/gcc/bin/../lib/gcc/arm-none-eabi/10.3.1/libgcc.a(_udivmoddi4.o)
                              /usr/local/Cellar/arm-none-eabi-gcc/10.3-2021.10/gcc/bin/../lib/gcc/arm-none-eabi/10.3.1/libgcc.a(_aeabi_ldivmod.o) (__udivmoddi4)
/usr/local/Cellar/arm-none-eabi-gcc/10.3-2021.10/gcc/bin/../lib/gcc/arm-none-eabi/10.3.1/libgcc.a(_clzdi2.o)
                              /usr/local/Cellar/arm-none-eabi-gcc/10.3-2021.10/gcc/bin/../lib/gcc/arm-none-eabi/10.3.1/libgcc.a(_udivmoddi4.o) (__clzdi2)
/usr/local/Cellar/arm-none-eabi-gcc/10.3-2021.10/gcc/bin/../lib/gcc/arm-none-eabi/10.3.1/libgcc.a(_clzsi2.o)
                              /usr/local/Cellar/arm-none-eabi-gcc/10.3-2021.10/gcc/bin/../lib/gcc/arm-none-eabi/10.3.1/libgcc.a(_clzdi2.o) (__clzsi2)

Discarded input sections

 .text          0x0000000000000000        0x0 obj/version_pm3.o
 .data          0x0000000000000000        0x0 obj/version_pm3.o
 .bss           0x0000000000000000        0x0 obj/version_pm3.o
 .version_information
                0x0000000000000000       0x61 obj/version_pm3.o
 .comment       0x0000000000000000       0x4a obj/version_pm3.o
[...]
Memory Configuration

Name             Origin             Length             Attributes
bootphase1       0x0000000000100000 0x0000000000000200
bootphase2       0x0000000000100200 0x0000000000001e00
osimage          0x0000000000102000 0x000000000007e000
ram              0x0000000000200000 0x000000000000ffe0
stack            0x000000000020deb8 0x0000000000002128
commonarea       0x000000000020ffe0 0x0000000000000020
*default*        0x0000000000000000 0xffffffffffffffff

Linker script and memory map

                0x0000000000002128                stacksize = DEFINED (stacksize)?stacksize:0x2128
                0x0000000000000020                commonareasize = 0x20
                0x00000000001001fc                _bootphase1_version_pointer = ((ORIGIN (bootphase1) + LENGTH (bootphase1)) - 0x4)
                0x0000000000102000                _osimage_entry = ORIGIN (osimage)
                0x0000000000100000                _bootrom_start = ORIGIN (bootphase1)
                0x0000000000102000                _bootrom_end = (ORIGIN (bootphase2) + LENGTH (bootphase2))
                0x0000000000100000                _flash_start = ORIGIN (bootphase1)
                0x0000000000180000                _flash_end = (ORIGIN (osimage) + LENGTH (osimage))
                0x000000000020deb8                _stack_start = ORIGIN (stack)
                0x000000000020ffd8                _stack_end = ((ORIGIN (ram) + LENGTH (ram)) - 0x8)

.start          0x0000000000102000      0x120
 *(.startos)
 .startos       0x0000000000102000      0x120 obj/start.o
                0x0000000000102000                Vector

.text           0x0000000000102120    0x37168
 *(.text)
 .text          0x0000000000102120       0x14 /usr/local/Cellar/arm-none-eabi-gcc/10.3-2021.10/gcc/bin/../lib/gcc/arm-none-eabi/10.3.1/libgcc.a(_thumb1_case_sqi.o)
                0x0000000000102120                __gnu_thumb1_case_sqi
 .text          0x0000000000102134       0x14 /usr/local/Cellar/arm-none-eabi-gcc/10.3-2021.10/gcc/bin/../lib/gcc/arm-none-eabi/10.3.1/libgcc.a(_thumb1_case_uqi.o)
                0x0000000000102134                __gnu_thumb1_case_uqi
 .text          0x0000000000102148       0x14 /usr/local/Cellar/arm-none-eabi-gcc/10.3-2021.10/gcc/bin/../lib/gcc/arm-none-eabi/10.3.1/libgcc.a(_thumb1_case_shi.o)
                0x0000000000102148                __gnu_thumb1_case_shi
 .text          0x000000000010215c       0x14 /usr/local/Cellar/arm-none-eabi-gcc/10.3-2021.10/gcc/bin/../lib/gcc/arm-none-eabi/10.3.1/libgcc.a(_thumb1_case_uhi.o)
                0x000000000010215c                __gnu_thumb1_case_uhi
 .text          0x0000000000102170       0x18 /usr/local/Cellar/arm-none-eabi-gcc/10.3-2021.10/gcc/bin/../lib/gcc/arm-none-eabi/10.3.1/libgcc.a(_thumb1_case_si.o)
                0x0000000000102170                __gnu_thumb1_case_si
 .text          0x0000000000102188      0x114 /usr/local/Cellar/arm-none-eabi-gcc/10.3-2021.10/gcc/bin/../lib/gcc/arm-none-eabi/10.3.1/libgcc.a(_udivsi3.o)
                0x0000000000102188                __udivsi3
                0x0000000000102188                __aeabi_uidiv
                0x000000000010227c                __aeabi_uidivmod
 .text          0x000000000010229c      0x148 /usr/local/Cellar/arm-none-eabi-gcc/10.3-2021.10/gcc/bin/../lib/gcc/arm-none-eabi/10.3.1/libgcc.a(_divsi3.o)
                0x000000000010229c                __aeabi_idiv
                0x000000000010229c                __divsi3
                0x00000000001023c4                __aeabi_idivmod
 .text          0x00000000001023e4        0x4 /usr/local/Cellar/arm-none-eabi-gcc/10.3-2021.10/gcc/bin/../lib/gcc/arm-none-eabi/10.3.1/libgcc.a(_dvmd_tls.o)
                0x00000000001023e4                __aeabi_ldiv0
                0x00000000001023e4                __aeabi_idiv0
 .text          0x00000000001023e8       0x1c /usr/local/Cellar/arm-none-eabi-gcc/10.3-2021.10/gcc/bin/../lib/gcc/arm-none-eabi/10.3.1/libgcc.a(_lshrdi3.o)
                0x00000000001023e8                __aeabi_llsr
                0x00000000001023e8                __lshrdi3
 .text          0x0000000000102404       0x1c /usr/local/Cellar/arm-none-eabi-gcc/10.3-2021.10/gcc/bin/../lib/gcc/arm-none-eabi/10.3.1/libgcc.a(_ashldi3.o)
                0x0000000000102404                __ashldi3
                0x0000000000102404                __aeabi_llsl
 .text          0x0000000000102420      0x424 /usr/local/Cellar/arm-none-eabi-gcc/10.3-2021.10/gcc/bin/../lib/gcc/arm-none-eabi/10.3.1/libgcc.a(_arm_addsubdf3.o)
                0x0000000000102420                __aeabi_drsub
                0x0000000000102428                __subdf3
                0x0000000000102428                __aeabi_dsub
                0x000000000010242c                __aeabi_dadd
                0x000000000010242c                __adddf3
                0x000000000010273c                __aeabi_ui2d
                0x000000000010273c                __floatunsidf
                0x0000000000102760                __floatsidf
                0x0000000000102760                __aeabi_i2d
                0x0000000000102788                __extendsfdf2
                0x0000000000102788                __aeabi_f2d
                0x00000000001027d0                __aeabi_ul2d
                0x00000000001027d0                __floatundidf
                0x00000000001027e4                __aeabi_l2d
                0x00000000001027e4                __floatdidf
 .text          0x0000000000102844      0x49c /usr/local/Cellar/arm-none-eabi-gcc/10.3-2021.10/gcc/bin/../lib/gcc/arm-none-eabi/10.3.1/libgcc.a(_arm_muldivdf3.o)
                0x0000000000102844                __aeabi_dmul
                0x0000000000102844                __muldf3
                0x0000000000102ad4                __aeabi_ddiv
                0x0000000000102ad4                __divdf3
 .text          0x0000000000102ce0       0x54 /usr/local/Cellar/arm-none-eabi-gcc/10.3-2021.10/gcc/bin/../lib/gcc/arm-none-eabi/10.3.1/libgcc.a(_arm_fixunsdfsi.o)
                0x0000000000102ce0                __fixunsdfsi
                0x0000000000102ce0                __aeabi_d2uiz
 .text          0x0000000000102d34       0x3c /usr/local/Cellar/arm-none-eabi-gcc/10.3-2021.10/gcc/bin/../lib/gcc/arm-none-eabi/10.3.1/libgcc.a(_aeabi_uldivmod.o)
                0x0000000000102d34                __aeabi_uldivmod
 .text          0x0000000000102d70       0x1c /usr/local/Cellar/arm-none-eabi-gcc/10.3-2021.10/gcc/bin/../lib/gcc/arm-none-eabi/10.3.1/libgcc.a(_muldi3.o)
                0x0000000000102d70                __aeabi_lmul
                0x0000000000102d70                __muldi3
 .text          0x0000000000102d8c       0x24 /usr/local/Cellar/arm-none-eabi-gcc/10.3-2021.10/gcc/bin/../lib/gcc/arm-none-eabi/10.3.1/libgcc.a(_paritysi2.o)
                0x0000000000102d8c                __paritysi2
 .text          0x0000000000102db0       0x14 /usr/local/Cellar/arm-none-eabi-gcc/10.3-2021.10/gcc/bin/../lib/gcc/arm-none-eabi/10.3.1/libgcc.a(_bswapsi2.o)
                0x0000000000102db0                __bswapsi2
 .text          0x0000000000102dc4      0x128 /usr/local/Cellar/arm-none-eabi-gcc/10.3-2021.10/gcc/bin/../lib/gcc/arm-none-eabi/10.3.1/libgcc.a(_udivmoddi4.o)
                0x0000000000102dc4                __udivmoddi4
 .text          0x0000000000102eec       0x28 /usr/local/Cellar/arm-none-eabi-gcc/10.3-2021.10/gcc/bin/../lib/gcc/arm-none-eabi/10.3.1/libgcc.a(_clzdi2.o)
                0x0000000000102eec                __clzdi2
 .text          0x0000000000102f14       0x48 /usr/local/Cellar/arm-none-eabi-gcc/10.3-2021.10/gcc/bin/../lib/gcc/arm-none-eabi/10.3.1/libgcc.a(_clzsi2.o)
                0x0000000000102f14                __clzsi2
 *(.text.*)
 .text.BuildIdentifyRequest
                0x0000000000102f5c       0x24 obj/iso15693.o
 .text.init_password_15693_Slix
                0x0000000000102f80       0x32 obj/iso15693.o
 *fill*         0x0000000000102fb2        0x2 
 .text.CodeIso15693AsReader
                0x0000000000102fb4       0xa4 obj/iso15693.o
                0x0000000000102fb4                CodeIso15693AsReader
 .text.CodeIso15693AsTag
                0x0000000000103058       0x64 obj/iso15693.o
                0x0000000000103058                CodeIso15693AsTag
 .text.TransmitTo15693Tag
                0x00000000001030bc       0xe0 obj/iso15693.o
                0x00000000001030bc                TransmitTo15693Tag
 .text.TransmitTo15693Reader
                0x000000000010319c      0x11c obj/iso15693.o
                0x000000000010319c                TransmitTo15693Reader
 .text.GetIso15693AnswerFromTag
                0x00000000001032b8      0x278 obj/iso15693.o
                0x00000000001032b8                GetIso15693AnswerFromTag
 .text.GetIso15693CommandFromReader
                0x0000000000103530      0x1b4 obj/iso15693.o
                0x0000000000103530                GetIso15693CommandFromReader
 .text.AcquireRawAdcSamplesIso15693
                0x00000000001036e4       0xdc obj/iso15693.o
                0x00000000001036e4                AcquireRawAdcSamplesIso15693
 .text.SniffIso15693
                0x00000000001037c0      0x4c8 obj/iso15693.o
                0x00000000001037c0                SniffIso15693
 .text.Iso15693InitReader
                0x0000000000103c88       0x54 obj/iso15693.o
                0x0000000000103c88                Iso15693InitReader
 .text.SendDataTag
                0x0000000000103cdc      0x110 obj/iso15693.o
                0x0000000000103cdc                SendDataTag
 .text.write_password_15693_Slix.constprop.0
                0x0000000000103dec       0xbc obj/iso15693.o
 .text.get_rnd_15693_Slix.constprop.0
                0x0000000000103ea8       0x84 obj/iso15693.o
 .text.disable_privacy_15693_Slix.constprop.0
                0x0000000000103f2c       0xac obj/iso15693.o
 .text.set_pass_15693_Slix.constprop.0
                0x0000000000103fd8       0xd0 obj/iso15693.o
 .text.set_privacy_15693_Slix.constprop.0
                0x00000000001040a8       0x9c obj/iso15693.o
 .text.get_uid_slix.constprop.0
                0x0000000000104144       0xa0 obj/iso15693.o
 .text.disable_eas_15693_Slix.constprop.0
                0x00000000001041e4       0xb4 obj/iso15693.o
 .text.enable_eas_15693_Slix.constprop.0
                0x0000000000104298       0xb4 obj/iso15693.o
 .text.pass_protect_EASAFI_15693_Slix.constprop.0
                0x000000000010434c       0xb0 obj/iso15693.o
 .text.write_afi_15693.constprop.0
                0x00000000001043fc       0xdc obj/iso15693.o
 .text.SendDataTagEOF
                0x00000000001044d8       0x8a obj/iso15693.o
                0x00000000001044d8                SendDataTagEOF
 *fill*         0x0000000000104562        0x2 
 .text.ReaderIso15693
                0x0000000000104564      0x2d4 obj/iso15693.o
                0x0000000000104564                ReaderIso15693
 .text.Iso15693InitTag
                0x0000000000104838       0x42 obj/iso15693.o
                0x0000000000104838                Iso15693InitTag
 .text.EmlClearIso15693
                0x000000000010487a       0x20 obj/iso15693.o
                0x000000000010487a                EmlClearIso15693
 *fill*         0x000000000010489a        0x2 
 .text.SimTagIso15693
                0x000000000010489c      0x9f8 obj/iso15693.o
                0x000000000010489c                SimTagIso15693
 .text.BruteforceIso15693Afi
                0x0000000000105294      0x1c0 obj/iso15693.o
                0x0000000000105294                BruteforceIso15693Afi
 .text.SendRawCommand15693
                0x0000000000105454      0x1c0 obj/iso15693.o
                0x0000000000105454                SendRawCommand15693
 .text.SetTag15693Uid
                0x0000000000105614      0x12c obj/iso15693.o
                0x0000000000105614                SetTag15693Uid
 .text.SetTag15693Uid_v2
                0x0000000000105740      0x128 obj/iso15693.o
                0x0000000000105740                SetTag15693Uid_v2
 .text.WritePasswordSlixIso15693
                0x0000000000105868       0x74 obj/iso15693.o
                0x0000000000105868                WritePasswordSlixIso15693
 .text.DisablePrivacySlixIso15693
                0x00000000001058dc       0x44 obj/iso15693.o
                0x00000000001058dc                DisablePrivacySlixIso15693
 .text.EnablePrivacySlixIso15693
                0x0000000000105920       0x44 obj/iso15693.o
                0x0000000000105920                EnablePrivacySlixIso15693
 .text.DisableEAS_AFISlixIso15693
                0x0000000000105964       0x44 obj/iso15693.o
                0x0000000000105964                DisableEAS_AFISlixIso15693
 .text.EnableEAS_AFISlixIso15693
                0x00000000001059a8       0x48 obj/iso15693.o
                0x00000000001059a8                EnableEAS_AFISlixIso15693
 .text.PassProtextEASSlixIso15693
                0x00000000001059f0       0x44 obj/iso15693.o
                0x00000000001059f0                PassProtextEASSlixIso15693
 .text.PassProtectAFISlixIso15693
                0x0000000000105a34       0x44 obj/iso15693.o
                0x0000000000105a34                PassProtectAFISlixIso15693
 .text.WriteAFIIso15693
                0x0000000000105a78       0x60 obj/iso15693.o
                0x0000000000105a78                WriteAFIIso15693
 .text.iso15693_sprintUID
                0x0000000000105ad8       0x48 obj/iso15693tools.o
                0x0000000000105ad8                iso15693_sprintUID
 .text.ReadThinFilm
                0x0000000000105b20       0x5a obj/thinfilm.o
                0x0000000000105b20                ReadThinFilm
 *fill*         0x0000000000105b7a        0x2 
 .text.SimulateThinFilm
                0x0000000000105b7c      0x214 obj/thinfilm.o
                0x0000000000105b7c                SimulateThinFilm
 .text.Prepare_Cmd
                0x0000000000105d90       0x24 obj/lfops.o
 .text.Prepare_Addr
                0x0000000000105db4       0x30 obj/lfops.o
 .text.Prepare_Data
                0x0000000000105de4       0x6c obj/lfops.o
 .text.T55xx_SetBits
                0x0000000000105e50       0x7c obj/lfops.o
 .text.WriteTIbyte
                0x0000000000105ecc       0x60 obj/lfops.o
 .text.fcAll    0x0000000000105f2c       0xb4 obj/lfops.o
 .text.biphaseSimBit
                0x0000000000105fe0       0x62 obj/lfops.o
 .text.leadingZeroAskSimBits.constprop.0
                0x0000000000106042       0x24 obj/lfops.o
 *fill*         0x0000000000106066        0x2 
 .text.printT55xxConfig
                0x0000000000106068      0x1d8 obj/lfops.o
                0x0000000000106068                printT55xxConfig
 .text.setT55xxConfig
                0x0000000000106240       0xe8 obj/lfops.o
                0x0000000000106240                setT55xxConfig
 .text.loadT55xxConfig
                0x0000000000106328       0x9c obj/lfops.o
                0x0000000000106328                loadT55xxConfig
 .text.AcquireTiType
                0x00000000001063c4      0x104 obj/lfops.o
                0x00000000001063c4                AcquireTiType
 .text.ReadTItag
                0x00000000001064c8      0x1a0 obj/lfops.o
                0x00000000001064c8                ReadTItag
 .text.WriteTItag
                0x0000000000106668      0x160 obj/lfops.o
                0x0000000000106668                WriteTItag
 .text.SimulateTagLowFrequencyEx
                0x00000000001067c8      0x15c obj/lfops.o
                0x00000000001067c8                SimulateTagLowFrequencyEx
 .text.SimulateTagLowFrequency
                0x0000000000106924       0x10 obj/lfops.o
                0x0000000000106924                SimulateTagLowFrequency
 .text.SimulateTagLowFrequencyBidir
                0x0000000000106934        0x2 obj/lfops.o
                0x0000000000106934                SimulateTagLowFrequencyBidir
 *fill*         0x0000000000106936        0x2 
 .text.CmdFSKsimTAGEx
                0x0000000000106938       0xc8 obj/lfops.o
                0x0000000000106938                CmdFSKsimTAGEx
 .text.CmdHIDsimTAGEx
                0x0000000000106a00       0xc8 obj/lfops.o
                0x0000000000106a00                CmdHIDsimTAGEx
 .text.CmdHIDsimTAG
                0x0000000000106ac8       0x28 obj/lfops.o
                0x0000000000106ac8                CmdHIDsimTAG
 .text.CmdFSKsimTAG
                0x0000000000106af0       0x34 obj/lfops.o
                0x0000000000106af0                CmdFSKsimTAG
 .text.CmdASKsimTAG
                0x0000000000106b24      0x220 obj/lfops.o
                0x0000000000106b24                CmdASKsimTAG
 .text.CmdPSKsimTAG
                0x0000000000106d44      0x13c obj/lfops.o
                0x0000000000106d44                CmdPSKsimTAG
 .text.CmdNRZsimTAG
                0x0000000000106e80      0x100 obj/lfops.o
                0x0000000000106e80                CmdNRZsimTAG
 .text.lf_hid_watch
                0x0000000000106f80      0x1a8 obj/lfops.o
                0x0000000000106f80                lf_hid_watch
 .text.lf_awid_watch
                0x0000000000107128      0x1c0 obj/lfops.o
                0x0000000000107128                lf_awid_watch
 .text.lf_em410x_watch
                0x00000000001072e8      0x1a4 obj/lfops.o
                0x00000000001072e8                lf_em410x_watch
 .text.lf_io_watch
                0x000000000010748c      0x130 obj/lfops.o
                0x000000000010748c                lf_io_watch
 .text.turn_read_lf_on
                0x00000000001075bc       0x16 obj/lfops.o
                0x00000000001075bc                turn_read_lf_on
 *fill*         0x00000000001075d2        0x2 
 .text.ModThenAcquireRawAdcSamples125k
                0x00000000001075d4      0x1d4 obj/lfops.o
                0x00000000001075d4                ModThenAcquireRawAdcSamples125k
 .text.T55xxWriteBit
                0x00000000001077a8       0x54 obj/lfops.o
 .text.T55xx_SendCMD
                0x00000000001077fc      0x1f0 obj/lfops.o
 .text.turn_read_lf_off
                0x00000000001079ec       0x18 obj/lfops.o
                0x00000000001079ec                turn_read_lf_off
 .text.SendForward
                0x0000000000107a04       0x78 obj/lfops.o
 .text.EM4xLoginEx
                0x0000000000107a7c       0x38 obj/lfops.o
 .text.T55xxResetRead
                0x0000000000107ab4       0x7c obj/lfops.o
                0x0000000000107ab4                T55xxResetRead
 .text.T55xxDangerousRawTest
                0x0000000000107b30      0x190 obj/lfops.o
                0x0000000000107b30                T55xxDangerousRawTest
 .text.T55xxWriteBlock
                0x0000000000107cc0       0x98 obj/lfops.o
                0x0000000000107cc0                T55xxWriteBlock
 .text.WriteT55xx
                0x0000000000107d58       0x3c obj/lfops.o
 .text.T55xxReadBlock
                0x0000000000107d94       0xec obj/lfops.o
                0x0000000000107d94                T55xxReadBlock
 .text.T55xx_ChkPwds
                0x0000000000107e80      0x278 obj/lfops.o
                0x0000000000107e80                T55xx_ChkPwds
 .text.T55xxWakeUp
                0x00000000001080f8       0x44 obj/lfops.o
                0x00000000001080f8                T55xxWakeUp
 .text.EM4xBruteforce
                0x000000000010813c      0x150 obj/lfops.o
                0x000000000010813c                EM4xBruteforce
 .text.EM4xLogin
                0x000000000010828c       0x7c obj/lfops.o
                0x000000000010828c                EM4xLogin
 .text.EM4xReadWord
                0x0000000000108308       0xac obj/lfops.o
                0x0000000000108308                EM4xReadWord
 .text.EM4xWriteWord
                0x00000000001083b4       0xd8 obj/lfops.o
                0x00000000001083b4                EM4xWriteWord
 .text.WriteEM4x05
                0x000000000010848c       0xa4 obj/lfops.o
 .text.CopyHIDtoT55x7
                0x0000000000108530      0x164 obj/lfops.o
                0x0000000000108530                CopyHIDtoT55x7
 .text.CopyVikingtoT55xx
                0x0000000000108694       0x84 obj/lfops.o
                0x0000000000108694                CopyVikingtoT55xx
 .text.copy_em410x_to_t55xx
                0x0000000000108718      0x2bc obj/lfops.o
                0x0000000000108718                copy_em410x_to_t55xx
 .text.EM4xProtectWord
                0x00000000001089d4       0xc0 obj/lfops.o
                0x00000000001089d4                EM4xProtectWord
 .text.Cotag    0x0000000000108a94       0xfc obj/lfops.o
                0x0000000000108a94                Cotag
 .text.printLFConfig
                0x0000000000108b90       0xd0 obj/lfsampling.o
                0x0000000000108b90                printLFConfig
 .text.printSamples
                0x0000000000108c60       0x34 obj/lfsampling.o
                0x0000000000108c60                printSamples
 .text.setSamplingConfig
                0x0000000000108c94       0xb4 obj/lfsampling.o
                0x0000000000108c94                setSamplingConfig
 .text.setDefaultSamplingConfig
                0x0000000000108d48       0x14 obj/lfsampling.o
                0x0000000000108d48                setDefaultSamplingConfig
 .text.getSamplingConfig
                0x0000000000108d5c        0x8 obj/lfsampling.o
                0x0000000000108d5c                getSamplingConfig
 .text.initSampleBufferEx
                0x0000000000108d64       0x74 obj/lfsampling.o
                0x0000000000108d64                initSampleBufferEx
 .text.initSampleBuffer
                0x0000000000108dd8        0xe obj/lfsampling.o
                0x0000000000108dd8                initSampleBuffer
 *fill*         0x0000000000108de6        0x2 
 .text.getSampleCounter
                0x0000000000108de8        0xc obj/lfsampling.o
                0x0000000000108de8                getSampleCounter
 .text.logSample
                0x0000000000108df4       0xb8 obj/lfsampling.o
                0x0000000000108df4                logSample
 .text.logSampleSimple
                0x0000000000108eac       0x20 obj/lfsampling.o
                0x0000000000108eac                logSampleSimple
 .text.LFSetupFPGAForADC
                0x0000000000108ecc       0x54 obj/lfsampling.o
                0x0000000000108ecc                LFSetupFPGAForADC
 .text.DoAcquisition
                0x0000000000108f20      0x184 obj/lfsampling.o
                0x0000000000108f20                DoAcquisition
 .text.DoAcquisition_default
                0x00000000001090a4       0x20 obj/lfsampling.o
                0x00000000001090a4                DoAcquisition_default
 .text.DoAcquisition_config
                0x00000000001090c4       0x5c obj/lfsampling.o
                0x00000000001090c4                DoAcquisition_config
 .text.DoPartialAcquisition
                0x0000000000109120       0x3c obj/lfsampling.o
                0x0000000000109120                DoPartialAcquisition
 .text.SampleLF
                0x000000000010915c       0x50 obj/lfsampling.o
                0x000000000010915c                SampleLF
 .text.ReadLF_realtime
                0x00000000001091ac      0x1b4 obj/lfsampling.o
                0x00000000001091ac                ReadLF_realtime
 .text.SniffLF  0x0000000000109360       0x50 obj/lfsampling.o
                0x0000000000109360                SniffLF
 .text.doCotagAcquisition
                0x00000000001093b0       0xec obj/lfsampling.o
                0x00000000001093b0                doCotagAcquisition
 .text.doCotagAcquisitionManchester
                0x000000000010949c       0xe0 obj/lfsampling.o
                0x000000000010949c                doCotagAcquisitionManchester
 .text.DemodPCF7931
                0x000000000010957c      0x1f4 obj/pcf7931.o
                0x000000000010957c                DemodPCF7931
 .text.IsBlock0PCF7931
                0x0000000000109770       0x44 obj/pcf7931.o
                0x0000000000109770                IsBlock0PCF7931
 .text.IsBlock1PCF7931
                0x00000000001097b4       0x40 obj/pcf7931.o
                0x00000000001097b4                IsBlock1PCF7931
 .text.ReadPCF7931
                0x00000000001097f4      0x410 obj/pcf7931.o
                0x00000000001097f4                ReadPCF7931
 .text.SendCmdPCF7931
                0x0000000000109c04       0xfc obj/pcf7931.o
                0x0000000000109c04                SendCmdPCF7931
 .text.AddBitPCF7931
                0x0000000000109d00       0x88 obj/pcf7931.o
                0x0000000000109d00                AddBitPCF7931
 .text.AddBytePCF7931
                0x0000000000109d88       0x44 obj/pcf7931.o
                0x0000000000109d88                AddBytePCF7931
 .text.AddPatternPCF7931
                0x0000000000109dcc       0x40 obj/pcf7931.o
                0x0000000000109dcc                AddPatternPCF7931
 .text.RealWritePCF7931
                0x0000000000109e0c      0x1f4 obj/pcf7931.o
 .text.WritePCF7931
                0x000000000010a000       0xe4 obj/pcf7931.o
                0x000000000010a000                WritePCF7931
 .text.getClosestClock
                0x000000000010a0e4       0x4c obj/lfdemod.o
 .text.findModStart
                0x000000000010a130       0x94 obj/lfdemod.o
 .text.computeSignalProperties
                0x000000000010a1c4       0xdc obj/lfdemod.o
                0x000000000010a1c4                computeSignalProperties
 .text.removeSignalOffset
                0x000000000010a2a0       0x5c obj/lfdemod.o
                0x000000000010a2a0                removeSignalOffset
 .text.getHiLo  0x000000000010a2fc       0x58 obj/lfdemod.o
                0x000000000010a2fc                getHiLo
 .text.removeParity
                0x000000000010a354       0x9a obj/lfdemod.o
                0x000000000010a354                removeParity
 .text.bytebits_to_byte
                0x000000000010a3ee       0x16 obj/lfdemod.o
                0x000000000010a3ee                bytebits_to_byte
 .text.preambleSearchEx
                0x000000000010a404       0x8c obj/lfdemod.o
                0x000000000010a404                preambleSearchEx
 .text.preambleSearch
                0x000000000010a490       0x14 obj/lfdemod.o
                0x000000000010a490                preambleSearch
 .text.getNextLow
                0x000000000010a4a4       0x1a obj/lfdemod.o
                0x000000000010a4a4                getNextLow
 .text.getNextHigh
                0x000000000010a4be       0x1a obj/lfdemod.o
                0x000000000010a4be                getNextHigh
 .text.askAmp   0x000000000010a4d8       0x32 obj/lfdemod.o
                0x000000000010a4d8                askAmp
 .text.manchesterEncode2Bytes
                0x000000000010a50a       0x24 obj/lfdemod.o
                0x000000000010a50a                manchesterEncode2Bytes
 .text.manchesterEncodeUint32
                0x000000000010a52e       0x46 obj/lfdemod.o
                0x000000000010a52e                manchesterEncodeUint32
 .text.DetectCleanAskWave
                0x000000000010a574       0x60 obj/lfdemod.o
                0x000000000010a574                DetectCleanAskWave
 .text.DetectStrongAskClock
                0x000000000010a5d4      0x14c obj/lfdemod.o
                0x000000000010a5d4                DetectStrongAskClock
 .text.DetectASKClock
                0x000000000010a720      0x314 obj/lfdemod.o
                0x000000000010a720                DetectASKClock
 .text.manrawdecode
                0x000000000010aa34       0xd8 obj/lfdemod.o
                0x000000000010aa34                manrawdecode
 .text.askdemod_ext
                0x000000000010ab0c      0x420 obj/lfdemod.o
                0x000000000010ab0c                askdemod_ext
 .text.askdemod
                0x000000000010af2c       0x28 obj/lfdemod.o
                0x000000000010af2c                askdemod
 .text.fskdemod
                0x000000000010af54      0x2b0 obj/lfdemod.o
                0x000000000010af54                fskdemod
 .text.detectAWID
                0x000000000010b204       0x80 obj/lfdemod.o
                0x000000000010b204                detectAWID
 .text.Em410xDecode
                0x000000000010b284      0x1cc obj/lfdemod.o
                0x000000000010b284                Em410xDecode
 .text.HIDdemodFSK
                0x000000000010b450       0xe0 obj/lfdemod.o
                0x000000000010b450                HIDdemodFSK
 .text.detectIOProx
                0x000000000010b530       0xb4 obj/lfdemod.o
                0x000000000010b530                detectIOProx
 .text.lf_count_edge_periods_ex
                0x000000000010b5e4      0x100 obj/lfadc.o
 .text.lf_sample_mean
                0x000000000010b6e4       0x5c obj/lfadc.o
                0x000000000010b6e4                lf_sample_mean
 .text.lf_count_edge_periods
                0x000000000010b740       0x10 obj/lfadc.o
                0x000000000010b740                lf_count_edge_periods
 .text.lf_get_tag_modulation
                0x000000000010b750       0x10 obj/lfadc.o
                0x000000000010b750                lf_get_tag_modulation
 .text.lf_get_reader_modulation
                0x000000000010b760        0xc obj/lfadc.o
                0x000000000010b760                lf_get_reader_modulation
 .text.lf_wait_periods
                0x000000000010b76c       0x10 obj/lfadc.o
                0x000000000010b76c                lf_wait_periods
 .text.lf_init  0x000000000010b77c       0xc8 obj/lfadc.o
                0x000000000010b77c                lf_init
 .text.lf_finalize
                0x000000000010b844       0x44 obj/lfadc.o
                0x000000000010b844                lf_finalize
 .text.lf_modulation
                0x000000000010b888       0x20 obj/lfadc.o
                0x000000000010b888                lf_modulation
 .text.lf_manchester_send_bit
                0x000000000010b8a8       0x26 obj/lfadc.o
 *fill*         0x000000000010b8ce        0x2 
 .text.lf_manchester_send_bytes
                0x000000000010b8d0       0x74 obj/lfadc.o
                0x000000000010b8d0                lf_manchester_send_bytes
 .text.LZ4_wildCopy8
                0x000000000010b944       0x20 obj/lz4.o
 .text.LZ4_decompress_generic
                0x000000000010b964      0x460 obj/lz4.o
                0x000000000010b964                LZ4_decompress_generic
 .text.LZ4_decompress_safe
                0x000000000010bdc4       0x20 obj/lz4.o
                0x000000000010bdc4                LZ4_decompress_safe
 .text.LZ4_decompress_safe_withPrefix64k
                0x000000000010bde4       0x28 obj/lz4.o
                0x000000000010bde4                LZ4_decompress_safe_withPrefix64k
 .text.LZ4_decompress_safe_forceExtDict
                0x000000000010be0c       0x26 obj/lz4.o
                0x000000000010be0c                LZ4_decompress_safe_forceExtDict
 .text.LZ4_setStreamDecode
                0x000000000010be32       0x10 obj/lz4.o
                0x000000000010be32                LZ4_setStreamDecode
 *fill*         0x000000000010be42        0x2 
 .text.LZ4_decompress_safe_continue
                0x000000000010be44       0x90 obj/lz4.o
                0x000000000010be44                LZ4_decompress_safe_continue
 .text.init_reader
                0x000000000010bed4       0x7c obj/legicrf.o
 .text.tx_frame
                0x000000000010bf50       0xe4 obj/legicrf.o
 .text.init_card.constprop.0
                0x000000000010c034       0x5c obj/legicrf.o
 .text.rx_bit   0x000000000010c090       0x84 obj/legicrf.o
 .text.rx_frame
                0x000000000010c114       0x84 obj/legicrf.o
 .text.setup_phase
                0x000000000010c198       0x70 obj/legicrf.o
 .text.read_byte
                0x000000000010c208       0xa8 obj/legicrf.o
 .text.LegicRfInfo
                0x000000000010c2b0       0x88 obj/legicrf.o
                0x000000000010c2b0                LegicRfInfo
 .text.LegicRfReader
                0x000000000010c338       0xa0 obj/legicrf.o
                0x000000000010c338                LegicRfReader
 .text.LegicRfWriter
                0x000000000010c3d8      0x1bc obj/legicrf.o
                0x000000000010c3d8                LegicRfWriter
 .text.LegicRfSetThreshold
                0x000000000010c594        0xc obj/legicrf.o
                0x000000000010c594                LegicRfSetThreshold
 .text.wait_for
                0x000000000010c5a0       0x44 obj/legicrfsim.o
 .text.tx_bit   0x000000000010c5e4       0x58 obj/legicrfsim.o
 .text.tx_frame
                0x000000000010c63c       0x8c obj/legicrfsim.o
 .text.rx_frame
                0x000000000010c6c8      0x110 obj/legicrfsim.o
 .text.LegicRfSimulate
                0x000000000010c7d8      0x374 obj/legicrfsim.o
                0x000000000010c7d8                LegicRfSimulate
 .text.legic_prng_forward.part.0
                0x000000000010cb4c       0x50 obj/legic_prng.o
 .text.legic_prng_init
                0x000000000010cb9c       0x1c obj/legic_prng.o
                0x000000000010cb9c                legic_prng_init
 .text.legic_prng_forward
                0x000000000010cbb8       0x10 obj/legic_prng.o
                0x000000000010cbb8                legic_prng_forward
 .text.legic_prng_get_bit
                0x000000000010cbc8       0x34 obj/legic_prng.o
                0x000000000010cbc8                legic_prng_get_bit
 .text.FlashmemSetSpiBaudrate
                0x000000000010cbfc       0x28 obj/flashmem.o
                0x000000000010cbfc                FlashmemSetSpiBaudrate
 .text.FlashStop
                0x000000000010cc24       0x3c obj/flashmem.o
                0x000000000010cc24                FlashStop
 .text.FlashSetup
                0x000000000010cc60       0xa4 obj/flashmem.o
                0x000000000010cc60                FlashSetup
 .text.FlashSendByte
                0x000000000010cd04       0x18 obj/flashmem.o
                0x000000000010cd04                FlashSendByte
 .text.Flash_TransferAdresse
                0x000000000010cd1c       0x24 obj/flashmem.o
                0x000000000010cd1c                Flash_TransferAdresse
 .text.Flash_ReadDataCont.part.0
                0x000000000010cd40       0x64 obj/flashmem.o
 .text.Flash_ReadDataCont
                0x000000000010cda4       0x14 obj/flashmem.o
                0x000000000010cda4                Flash_ReadDataCont
 .text.Flash_ReadStat1
                0x000000000010cdb8       0x1c obj/flashmem.o
                0x000000000010cdb8                Flash_ReadStat1
 .text.Flash_CheckBusy
                0x000000000010cdd4       0x4c obj/flashmem.o
                0x000000000010cdd4                Flash_CheckBusy
 .text.Flash_ReadID
                0x000000000010ce20       0x74 obj/flashmem.o
                0x000000000010ce20                Flash_ReadID
 .text.FlashDetect
                0x000000000010ce94       0xb4 obj/flashmem.o
                0x000000000010ce94                FlashDetect
 .text.FlashInit
                0x000000000010cf48       0x40 obj/flashmem.o
                0x000000000010cf48                FlashInit
 .text.Flashmem_print_info
                0x000000000010cf88       0xe8 obj/flashmem.o
                0x000000000010cf88                Flashmem_print_info
 .text.Flash_ReadData
                0x000000000010d070       0x84 obj/flashmem.o
                0x000000000010d070                Flash_ReadData
 .text.Flash_UniqueID
                0x000000000010d0f4       0x7c obj/flashmem.o
                0x000000000010d0f4                Flash_UniqueID
 .text.Flashmem_print_status
                0x000000000010d170      0x100 obj/flashmem.o
                0x000000000010d170                Flashmem_print_status
 .text.FlashSendLastByte
                0x000000000010d270       0x12 obj/flashmem.o
                0x000000000010d270                FlashSendLastByte
 *fill*         0x000000000010d282        0x2 
 .text.Flash_WriteDataCont
                0x000000000010d284       0x84 obj/flashmem.o
                0x000000000010d284                Flash_WriteDataCont
 .text.Flash_WriteEnable
                0x000000000010d308       0x24 obj/flashmem.o
                0x000000000010d308                Flash_WriteEnable
 .text.Flash_Write
                0x000000000010d32c       0x68 obj/flashmem.o
                0x000000000010d32c                Flash_Write
 .text.Flash_Erase4k
                0x000000000010d394       0x3c obj/flashmem.o
                0x000000000010d394                Flash_Erase4k
 .text.Flash_Erase64k
                0x000000000010d3d0       0x34 obj/flashmem.o
                0x000000000010d3d0                Flash_Erase64k
 .text.Flash_WipeMemoryPage
                0x000000000010d404       0x48 obj/flashmem.o
                0x000000000010d404                Flash_WipeMemoryPage
 .text.Flash_WipeMemory
                0x000000000010d44c       0x5c obj/flashmem.o
                0x000000000010d44c                Flash_WipeMemory
 .text.I2CSpinDelayClk
                0x000000000010d4a8       0x40 obj/i2c.o
 .text.WaitSCL_H
                0x000000000010d4e8       0x2c obj/i2c.o
 .text.I2C_Start
                0x000000000010d514       0x60 obj/i2c.o
 .text.I2C_SendByte
                0x000000000010d574       0x60 obj/i2c.o
 .text.I2C_WaitAck
                0x000000000010d5d4       0x60 obj/i2c.o
 .text.I2C_Stop
                0x000000000010d634       0x5c obj/i2c.o
 .text.I2C_Ack  0x000000000010d690       0x4c obj/i2c.o
 .text.I2C_ReadByte
                0x000000000010d6dc       0x90 obj/i2c.o
 .text.I2C_NoAck
                0x000000000010d76c       0x4c obj/i2c.o
 .text.I2C_WaitForSim
                0x000000000010d7b8       0x54 obj/i2c.o
 .text.I2C_recovery
                0x000000000010d80c       0xb0 obj/i2c.o
                0x000000000010d80c                I2C_recovery
 .text.I2C_init
                0x000000000010d8bc       0x50 obj/i2c.o
                0x000000000010d8bc                I2C_init
 .text.I2C_SetResetStatus
                0x000000000010d90c       0x4c obj/i2c.o
                0x000000000010d90c                I2C_SetResetStatus
 .text.I2C_Reset_EnterMainProgram
                0x000000000010d958       0x42 obj/i2c.o
                0x000000000010d958                I2C_Reset_EnterMainProgram
 .text.I2C_Reset_EnterBootloader
                0x000000000010d99a       0x32 obj/i2c.o
                0x000000000010d99a                I2C_Reset_EnterBootloader
 .text.I2C_WriteCmd
                0x000000000010d9cc       0x5c obj/i2c.o
                0x000000000010d9cc                I2C_WriteCmd
 .text.I2C_WriteByte
                0x000000000010da28       0x6c obj/i2c.o
                0x000000000010da28                I2C_WriteByte
 .text.I2C_BufferWrite
                0x000000000010da94       0x7c obj/i2c.o
                0x000000000010da94                I2C_BufferWrite
 .text.I2C_BufferRead
                0x000000000010db10       0xf8 obj/i2c.o
                0x000000000010db10                I2C_BufferRead
 .text.I2C_ReadFW
                0x000000000010dc08       0xb4 obj/i2c.o
                0x000000000010dc08                I2C_ReadFW
 .text.I2C_WriteFW
                0x000000000010dcbc       0x90 obj/i2c.o
                0x000000000010dcbc                I2C_WriteFW
 .text.I2C_get_version
                0x000000000010dd4c       0x3c obj/i2c.o
                0x000000000010dd4c                I2C_get_version
 .text.I2C_print_status
                0x000000000010dd88       0x54 obj/i2c.o
                0x000000000010dd88                I2C_print_status
 .text.sc_rx_bytes
                0x000000000010dddc       0x50 obj/i2c.o
                0x000000000010dddc                sc_rx_bytes
 .text.GetATR.part.0
                0x000000000010de2c       0xf0 obj/i2c.o
 .text.SmartCardAtr
                0x000000000010df1c       0x50 obj/i2c.o
                0x000000000010df1c                SmartCardAtr
 .text.SmartCardRaw
                0x000000000010df6c      0x164 obj/i2c.o
                0x000000000010df6c                SmartCardRaw
 .text.SmartCardUpgrade
                0x000000000010e0d0      0x100 obj/i2c.o
                0x000000000010e0d0                SmartCardUpgrade
 .text.SmartCardSetBaud
                0x000000000010e1d0        0x2 obj/i2c.o
                0x000000000010e1d0                SmartCardSetBaud
 *fill*         0x000000000010e1d2        0x2 
 .text.SmartCardSetClock
                0x000000000010e1d4       0x48 obj/i2c.o
                0x000000000010e1d4                SmartCardSetClock
 .text.ht2_f20  0x000000000010e21c      0x124 obj/hitag2_crypto.o
 .text.ht2_hitag2_init
                0x000000000010e340       0x6a obj/hitag2_crypto.o
                0x000000000010e340                ht2_hitag2_init
 .text.ht2_hitag2_bit
                0x000000000010e3aa       0x9a obj/hitag2_crypto.o
                0x000000000010e3aa                ht2_hitag2_bit
 .text.ht2_hitag2_byte
                0x000000000010e444       0x6a obj/hitag2_crypto.o
                0x000000000010e444                ht2_hitag2_byte
 .text.ht2_hitag2_cipher_transcrypt
                0x000000000010e4ae       0x4c obj/hitag2_crypto.o
                0x000000000010e4ae                ht2_hitag2_cipher_transcrypt
 .text.hitag_crc
                0x000000000010e4fa       0x44 obj/hitag2.o
 *fill*         0x000000000010e53e        0x2 
 .text.hitag2_write_page
                0x000000000010e540       0xf8 obj/hitag2.o
 .text.hitag2_password
                0x000000000010e638      0x130 obj/hitag2.o
 .text.hitag2_crypto
                0x000000000010e768      0x8a4 obj/hitag2.o
 .text.hitag_reader_send_bit
                0x000000000010f00c       0x32 obj/hitag2.o
 *fill*         0x000000000010f03e        0x2 
 .text.hitag_reader_send_frame
                0x000000000010f040       0x5c obj/hitag2.o
 .text.ht2_receive.constprop.0
                0x000000000010f09c       0x98 obj/hitag2.o
 .text.SniffHitag2
                0x000000000010f134      0x318 obj/hitag2.o
                0x000000000010f134                SniffHitag2
 .text.SimulateHitag2
                0x000000000010f44c      0x320 obj/hitag2.o
                0x000000000010f44c                SimulateHitag2
 .text.ReaderHitag
                0x000000000010f76c      0xd78 obj/hitag2.o
                0x000000000010f76c                ReaderHitag
 .text.WriterHitag
                0x00000000001104e4      0x54c obj/hitag2.o
                0x00000000001104e4                WriterHitag
 .text.ht2_packbits
                0x0000000000110a30       0x68 obj/hitag2.o
                0x0000000000110a30                ht2_packbits
 .text.ht2_read_uid
                0x0000000000110a98      0x17c obj/hitag2.o
                0x0000000000110a98                ht2_read_uid
 .text.ht2_tx_rx
                0x0000000000110c14       0xb8 obj/hitag2.o
                0x0000000000110c14                ht2_tx_rx
 .text.update_tag_max_page
                0x0000000000110ccc       0x3c obj/hitagS.o
 .text.hitag_send_bit
                0x0000000000110d08      0x1a0 obj/hitagS.o
 .text.hts_stop_clock
                0x0000000000110ea8       0x1c obj/hitagS.o
 .text.hts_init_clock
                0x0000000000110ec4       0x68 obj/hitagS.o
 .text.hts_set_frame_modulation
                0x0000000000110f2c       0x5c obj/hitagS.o
 .text.hts_send_receive.constprop.0
                0x0000000000110f88      0x584 obj/hitagS.o
 .text.hts_select_tag.constprop.0
                0x000000000011150c     0x1268 obj/hitagS.o
 .text.calc_crc.constprop.0
                0x0000000000112774       0x26 obj/hitagS.o
 *fill*         0x000000000011279a        0x2 
 .text.hts_simulate
                0x000000000011279c     0x1020 obj/hitagS.o
                0x000000000011279c                hts_simulate
 .text.hts_read
                0x00000000001137bc      0x2c4 obj/hitagS.o
                0x00000000001137bc                hts_read
 .text.hts_write_page
                0x0000000000113a80      0x1b0 obj/hitagS.o
                0x0000000000113a80                hts_write_page
 .text.hts_read_uid
                0x0000000000113c30      0x138 obj/hitagS.o
                0x0000000000113c30                hts_read_uid
 .text.hts_check_challenges
                0x0000000000113d68      0x120 obj/hitagS.o
                0x0000000000113d68                hts_check_challenges
 .text.hitag2crack_xor
                0x0000000000113e88       0x18 obj/hitag2_crack.o
 .text.hitag2crack_send_e_cmd
                0x0000000000113ea0       0x62 obj/hitag2_crack.o
 .text.hitag2crack_find_valid_e_cmd
                0x0000000000113f02       0xa4 obj/hitag2_crack.o
 *fill*         0x0000000000113fa6        0x2 
 .text.hitag2crack_find_e_page0_cmd
                0x0000000000113fa8      0x19c obj/hitag2_crack.o
 .text.ht2_crack1
                0x0000000000114144      0x164 obj/hitag2_crack.o
                0x0000000000114144                ht2_crack1
 .text.ht2_crack2
                0x00000000001142a8      0x230 obj/hitag2_crack.o
                0x00000000001142a8                ht2_crack2
 .text.em4x50_sim_send_bit
                0x00000000001144d8       0x78 obj/em4x50.o
 .text.wait_cycles
                0x0000000000114550       0x3c obj/em4x50.o
 .text.em4x50_sim_send_ack
                0x000000000011458c       0x60 obj/em4x50.o
 .text.em4x50_sim_send_nak
                0x00000000001145ec       0x68 obj/em4x50.o
 .text.invalid_bit
                0x0000000000114654       0x3c obj/em4x50.o
 .text.get_pulse_length
                0x0000000000114690       0x90 obj/em4x50.o
 .text.find_single_listen_window
                0x0000000000114720       0x38 obj/em4x50.o
 .text.get_word_from_bitstream
                0x0000000000114758      0x1f8 obj/em4x50.o
 .text.em4x50_reader_send_bit
                0x0000000000114950       0x6c obj/em4x50.o
 .text.find_double_listen_window
                0x00000000001149bc       0x84 obj/em4x50.o
 .text.em4x50_reader_send_byte_with_parity
                0x0000000000114a40       0x28 obj/em4x50.o
 .text.em4x50_reader_send_word
                0x0000000000114a68       0x52 obj/em4x50.o
 *fill*         0x0000000000114aba        0x2 
 .text.check_ack
                0x0000000000114abc       0x6c obj/em4x50.o
 .text.em4x50_sim_read_bit
                0x0000000000114b28       0x88 obj/em4x50.o
 .text.get_signalproperties
                0x0000000000114bb0       0xd0 obj/em4x50.o
 .text.em4x50_sim_read_byte
                0x0000000000114c80       0x48 obj/em4x50.o
 .text.login    0x0000000000114cc8       0x50 obj/em4x50.o
 .text.em4x50_sim_read_word.constprop.0
                0x0000000000114d18       0x78 obj/em4x50.o
 .text.em4x50_sim_send_listen_window.isra.0
                0x0000000000114d90       0x98 obj/em4x50.o
 .text.em4x50_sim_send_word
                0x0000000000114e28       0x86 obj/em4x50.o
 *fill*         0x0000000000114eae        0x2 
 .text.em4x50_setup_read
                0x0000000000114eb0       0x58 obj/em4x50.o
                0x0000000000114eb0                em4x50_setup_read
 .text.em4x50_setup_sim
                0x0000000000114f08       0x48 obj/em4x50.o
                0x0000000000114f08                em4x50_setup_sim
 .text.em4x50_login
                0x0000000000114f50       0x7c obj/em4x50.o
                0x0000000000114f50                em4x50_login
 .text.em4x50_brute
                0x0000000000114fcc      0x17c obj/em4x50.o
                0x0000000000114fcc                em4x50_brute
 .text.em4x50_chk
                0x0000000000115148      0x108 obj/em4x50.o
                0x0000000000115148                em4x50_chk
 .text.standard_read
                0x0000000000115250       0x50 obj/em4x50.o
                0x0000000000115250                standard_read
 .text.selective_read
                0x00000000001152a0       0x58 obj/em4x50.o
 .text.em4x50_read
                0x00000000001152f8       0xc8 obj/em4x50.o
                0x00000000001152f8                em4x50_read
 .text.em4x50_info
                0x00000000001153c0       0xb0 obj/em4x50.o
                0x00000000001153c0                em4x50_info
 .text.em4x50_reader
                0x0000000000115470       0x8c obj/em4x50.o
                0x0000000000115470                em4x50_reader
 .text.em4x50_write
                0x00000000001154fc      0x1d8 obj/em4x50.o
                0x00000000001154fc                em4x50_write
 .text.em4x50_writepwd
                0x00000000001156d4      0x150 obj/em4x50.o
                0x00000000001156d4                em4x50_writepwd
 .text.em4x50_handle_commands
                0x0000000000115824      0x39c obj/em4x50.o
                0x0000000000115824                em4x50_handle_commands
 .text.em4x50_sim
                0x0000000000115bc0       0xc0 obj/em4x50.o
                0x0000000000115bc0                em4x50_sim
 .text.smart_generator_byte_repeat
                0x0000000000115c80       0x44 obj/bruteforce.o
                0x0000000000115c80                smart_generator_byte_repeat
 .text.smart_generator_msb_byte_only
                0x0000000000115cc4       0x2a obj/bruteforce.o
                0x0000000000115cc4                smart_generator_msb_byte_only
 .text.smart_generator_nibble_sequence
                0x0000000000115cee       0x9e obj/bruteforce.o
                0x0000000000115cee                smart_generator_nibble_sequence
 .text.bf_generator_init
                0x0000000000115d8c       0x1a obj/bruteforce.o
                0x0000000000115d8c                bf_generator_init
 *fill*         0x0000000000115da6        0x2 
 .text.bf_generator_set_charset
                0x0000000000115da8       0x58 obj/bruteforce.o
                0x0000000000115da8                bf_generator_set_charset
 .text.bf_array_increment
                0x0000000000115e00       0x54 obj/bruteforce.o
                0x0000000000115e00                bf_array_increment
 .text.bf_get_key32
                0x0000000000115e54        0x4 obj/bruteforce.o
                0x0000000000115e54                bf_get_key32
 .text.bf_generator_clear
                0x0000000000115e58       0x10 obj/bruteforce.o
                0x0000000000115e58                bf_generator_clear
 .text._bf_generate_mode_range
                0x0000000000115e68       0x4e obj/bruteforce.o
                0x0000000000115e68                _bf_generate_mode_range
 .text._bf_generate_mode_charset
                0x0000000000115eb6       0x70 obj/bruteforce.o
                0x0000000000115eb6                _bf_generate_mode_charset
 *fill*         0x0000000000115f26        0x2 
 .text._bf_generate_mode_smart
                0x0000000000115f28       0x44 obj/bruteforce.o
                0x0000000000115f28                _bf_generate_mode_smart
 .text.bf_generate
                0x0000000000115f6c       0x2c obj/bruteforce.o
                0x0000000000115f6c                bf_generate
 .text.init_tag
                0x0000000000115f98       0x18 obj/em4x70.o
 .text.em4x70_setup_read
                0x0000000000115fb0       0x58 obj/em4x70.o
 .text.get_signalproperties
                0x0000000000116008       0x2c obj/em4x70.o
 .text.get_rising_pulse_length
                0x0000000000116034       0x6c obj/em4x70.o
 .text.get_falling_pulse_length
                0x00000000001160a0       0x6c obj/em4x70.o
 .text.em4x70_send_bit
                0x000000000011610c       0x68 obj/em4x70.o
 .text.find_listen_window
                0x0000000000116174       0x70 obj/em4x70.o
 .text.find_em4x70_tag
                0x00000000001161e4        0xe obj/em4x70.o
 *fill*         0x00000000001161f2        0x2 
 .text.em4x70_send_nibble
                0x00000000001161f4       0x40 obj/em4x70.o
 .text.em4x70_send_byte
                0x0000000000116234       0x1c obj/em4x70.o
 .text.set_byte
                0x0000000000116250       0x1e obj/em4x70.o
 *fill*         0x000000000011626e        0x2 
 .text.check_ack
                0x0000000000116270       0x28 obj/em4x70.o
 .text.write    0x0000000000116298       0x9c obj/em4x70.o
 .text.encoded_bit_array_to_bytes
                0x0000000000116334       0x50 obj/em4x70.o
 .text.em4x70_receive
                0x0000000000116384       0xd4 obj/em4x70.o
 .text.send_command_and_read
                0x0000000000116458       0x6c obj/em4x70.o
 .text.em4x70_read_id
                0x00000000001164c4       0x18 obj/em4x70.o
 .text.em4x70_read_um1
                0x00000000001164dc       0x18 obj/em4x70.o
 .text.em4x70_read_um2
                0x00000000001164f4       0x18 obj/em4x70.o
 .text.send_pin
                0x000000000011650c       0xa4 obj/em4x70.o
 .text.authenticate
                0x00000000001165b0       0x9c obj/em4x70.o
 .text.em4x70_info
                0x000000000011664c       0x70 obj/em4x70.o
                0x000000000011664c                em4x70_info
 .text.em4x70_write
                0x00000000001166bc       0x88 obj/em4x70.o
                0x00000000001166bc                em4x70_write
 .text.em4x70_unlock
                0x0000000000116744       0x70 obj/em4x70.o
                0x0000000000116744                em4x70_unlock
 .text.em4x70_auth
                0x00000000001167b4       0x94 obj/em4x70.o
                0x00000000001167b4                em4x70_auth
 .text.em4x70_brute
                0x0000000000116848      0x21c obj/em4x70.o
                0x0000000000116848                em4x70_brute
 .text.em4x70_write_pin
                0x0000000000116a64       0xa8 obj/em4x70.o
                0x0000000000116a64                em4x70_write_pin
 .text.em4x70_write_key
                0x0000000000116b0c       0xa0 obj/em4x70.o
                0x0000000000116b0c                em4x70_write_key
 .text.rdv40_spiffs_llerase
                0x0000000000116bac       0x98 obj/spiffs.o
 .text.rdv40_spiffs_llwrite
                0x0000000000116c44       0x28 obj/spiffs.o
 .text.rdv40_spiffs_llread
                0x0000000000116c6c       0x1a obj/spiffs.o
 *fill*         0x0000000000116c86        0x2 
 .text.remove_from_spiffs
                0x0000000000116c88       0x2c obj/spiffs.o
 .text.rdv40_spiffs_mount
                0x0000000000116cb4       0x78 obj/spiffs.o
                0x0000000000116cb4                rdv40_spiffs_mount
 .text.rdv40_spiffs_unmount
                0x0000000000116d2c       0x48 obj/spiffs.o
                0x0000000000116d2c                rdv40_spiffs_unmount
 .text.write_to_spiffs
                0x0000000000116d74       0x4c obj/spiffs.o
                0x0000000000116d74                write_to_spiffs
 .text.append_to_spiffs
                0x0000000000116dc0       0x4c obj/spiffs.o
                0x0000000000116dc0                append_to_spiffs
 .text.read_from_spiffs
                0x0000000000116e0c       0x4c obj/spiffs.o
                0x0000000000116e0c                read_from_spiffs
 .text.size_in_spiffs
                0x0000000000116e58       0x38 obj/spiffs.o
                0x0000000000116e58                size_in_spiffs
 .text.exists_in_spiffs
                0x0000000000116e90       0x1c obj/spiffs.o
                0x0000000000116e90                exists_in_spiffs
 .text.rdv40_spiffs_lazy_mount
                0x0000000000116eac       0x20 obj/spiffs.o
                0x0000000000116eac                rdv40_spiffs_lazy_mount
 .text.rdv40_spiffs_lazy_unmount
                0x0000000000116ecc       0x20 obj/spiffs.o
                0x0000000000116ecc                rdv40_spiffs_lazy_unmount
 .text.rdv40_spiffs_check
                0x0000000000116eec       0x38 obj/spiffs.o
                0x0000000000116eec                rdv40_spiffs_check
 .text.rdv40_spiffs_lazy_mount_rollback
                0x0000000000116f24       0x24 obj/spiffs.o
                0x0000000000116f24                rdv40_spiffs_lazy_mount_rollback
 .text.rdv40_spiffs_write
                0x0000000000116f48       0xa8 obj/spiffs.o
                0x0000000000116f48                rdv40_spiffs_write
 .text.rdv40_spiffs_append
                0x0000000000116ff0       0x78 obj/spiffs.o
                0x0000000000116ff0                rdv40_spiffs_append
 .text.rdv40_spiffs_read
                0x0000000000117068       0x36 obj/spiffs.o
                0x0000000000117068                rdv40_spiffs_read
 *fill*         0x000000000011709e        0x2 
 .text.rdv40_spiffs_rename
                0x00000000001170a0       0x50 obj/spiffs.o
                0x00000000001170a0                rdv40_spiffs_rename
 .text.rdv40_spiffs_remove
                0x00000000001170f0       0x2e obj/spiffs.o
                0x00000000001170f0                rdv40_spiffs_remove
 .text.rdv40_spiffs_copy
                0x000000000011711e       0x54 obj/spiffs.o
                0x000000000011711e                rdv40_spiffs_copy
 .text.rdv40_spiffs_is_symlink
                0x0000000000117172       0x3c obj/spiffs.o
                0x0000000000117172                rdv40_spiffs_is_symlink
 *fill*         0x00000000001171ae        0x2 
 .text.rdv40_spiffs_read_as_symlink
                0x00000000001171b0       0x80 obj/spiffs.o
                0x00000000001171b0                rdv40_spiffs_read_as_symlink
 .text.rdv40_spiffs_make_symlink
                0x0000000000117230       0x48 obj/spiffs.o
                0x0000000000117230                rdv40_spiffs_make_symlink
 .text.rdv40_spiffs_read_as_filetype
                0x0000000000117278       0xc4 obj/spiffs.o
                0x0000000000117278                rdv40_spiffs_read_as_filetype
 .text.rdv40_spiffs_safe_print_fsinfo
                0x000000000011733c       0xe0 obj/spiffs.o
                0x000000000011733c                rdv40_spiffs_safe_print_fsinfo
 .text.rdv40_spiffs_safe_print_tree
                0x000000000011741c       0xc8 obj/spiffs.o
                0x000000000011741c                rdv40_spiffs_safe_print_tree
 .text.rdv40_spiffs_safe_wipe
                0x00000000001174e4       0x88 obj/spiffs.o
                0x00000000001174e4                rdv40_spiffs_safe_wipe
 .text.test_spiffs
                0x000000000011756c       0xb8 obj/spiffs.o
                0x000000000011756c                test_spiffs
 .text.spiffs_cache_page_free
                0x0000000000117624       0x5a obj/spiffs_cache.o
 .text.spiffs_cache_page_remove_oldest.constprop.0
                0x000000000011767e       0x5e obj/spiffs_cache.o
 .text.spiffs_cache_page_allocate.isra.0
                0x00000000001176dc       0x3c obj/spiffs_cache.o
 .text.spiffs_cache_page_get.isra.0
                0x0000000000117718       0x4e obj/spiffs_cache.o
 .text.spiffs_cache_drop_page
                0x0000000000117766       0x1e obj/spiffs_cache.o
                0x0000000000117766                spiffs_cache_drop_page
 .text.spiffs_phys_rd
                0x0000000000117784       0xd4 obj/spiffs_cache.o
                0x0000000000117784                spiffs_phys_rd
 .text.spiffs_phys_wr
                0x0000000000117858       0x74 obj/spiffs_cache.o
                0x0000000000117858                spiffs_phys_wr
 .text.spiffs_cache_page_get_by_fd
                0x00000000001178cc       0x4e obj/spiffs_cache.o
                0x00000000001178cc                spiffs_cache_page_get_by_fd
 .text.spiffs_cache_page_allocate_by_fd
                0x000000000011791a       0x24 obj/spiffs_cache.o
                0x000000000011791a                spiffs_cache_page_allocate_by_fd
 .text.spiffs_cache_fd_release
                0x000000000011793e       0x3c obj/spiffs_cache.o
                0x000000000011793e                spiffs_cache_fd_release
 .text.spiffs_cache_init
                0x000000000011797a       0x8e obj/spiffs_cache.o
                0x000000000011797a                spiffs_cache_init
 .text.spiffs_object_get_data_page_index_reference
                0x0000000000117a08       0x80 obj/spiffs_check.o
 .text.spiffs_delete_obj_lazy
                0x0000000000117a88       0x4c obj/spiffs_check.o
 .text.spiffs_rewrite_index
                0x0000000000117ad4      0x160 obj/spiffs_check.o
 .text.spiffs_rewrite_page
                0x0000000000117c34       0x44 obj/spiffs_check.o
 .text.spiffs_lookup_check_v
                0x0000000000117c78      0x5d8 obj/spiffs_check.o
 .text.spiffs_object_index_consistency_check_v
                0x0000000000118250      0x18c obj/spiffs_check.o
 .text.spiffs_lookup_consistency_check
                0x00000000001183dc       0x80 obj/spiffs_check.o
                0x00000000001183dc                spiffs_lookup_consistency_check
 .text.spiffs_page_consistency_check
                0x000000000011845c      0x634 obj/spiffs_check.o
                0x000000000011845c                spiffs_page_consistency_check
 .text.spiffs_object_index_consistency_check
                0x0000000000118a90       0x90 obj/spiffs_check.o
                0x0000000000118a90                spiffs_object_index_consistency_check
 .text.spiffs_gc_erase_block
                0x0000000000118b20       0x34 obj/spiffs_gc.o
 .text.spiffs_gc_quick
                0x0000000000118b54       0xac obj/spiffs_gc.o
                0x0000000000118b54                spiffs_gc_quick
 .text.spiffs_gc_erase_page_stats
                0x0000000000118c00       0x58 obj/spiffs_gc.o
                0x0000000000118c00                spiffs_gc_erase_page_stats
 .text.spiffs_gc_find_candidate
                0x0000000000118c58      0x1a4 obj/spiffs_gc.o
                0x0000000000118c58                spiffs_gc_find_candidate
 .text.spiffs_gc_clean
                0x0000000000118dfc      0x44c obj/spiffs_gc.o
                0x0000000000118dfc                spiffs_gc_clean
 .text.spiffs_gc_check
                0x0000000000119248       0xe4 obj/spiffs_gc.o
                0x0000000000119248                spiffs_gc_check
 .text.spiffs_obj_lu_find_id_and_span_v
                0x000000000011932c       0x74 obj/spiffs_nucleus.o
 .text.spiffs_object_find_object_index_header_by_name_v
                0x00000000001193a0       0x68 obj/spiffs_nucleus.o
 .text.spiffs_obj_lu_find_free_obj_id_bitmap_v
                0x0000000000119408       0x9c obj/spiffs_nucleus.o
 .text.spiffs_obj_lu_scan_v
                0x00000000001194a4       0x30 obj/spiffs_nucleus.o
 .text.spiffs_obj_lu_find_free_obj_id_compact_v
                0x00000000001194d4       0x98 obj/spiffs_nucleus.o
 .text.spiffs_hash.constprop.0
                0x000000000011956c       0x28 obj/spiffs_nucleus.o
 .text.spiffs_page_index_check.constprop.0
                0x0000000000119594       0x3c obj/spiffs_nucleus.o
 .text.spiffs_page_data_check.constprop.0
                0x00000000001195d0       0x3c obj/spiffs_nucleus.o
 .text.spiffs_update_ix_map.constprop.0.isra.0
                0x000000000011960c       0xcc obj/spiffs_nucleus.o
 .text.spiffs_phys_cpy
                0x00000000001196d8       0x60 obj/spiffs_nucleus.o
                0x00000000001196d8                spiffs_phys_cpy
 .text.spiffs_obj_lu_find_entry_visitor
                0x0000000000119738      0x198 obj/spiffs_nucleus.o
                0x0000000000119738                spiffs_obj_lu_find_entry_visitor
 .text.spiffs_erase_block
                0x00000000001198d0       0x54 obj/spiffs_nucleus.o
                0x00000000001198d0                spiffs_erase_block
 .text.spiffs_obj_lu_scan
                0x0000000000119924       0xb8 obj/spiffs_nucleus.o
                0x0000000000119924                spiffs_obj_lu_scan
 .text.spiffs_obj_lu_find_id
                0x00000000001199dc       0x34 obj/spiffs_nucleus.o
                0x00000000001199dc                spiffs_obj_lu_find_id
 .text.spiffs_obj_lu_find_free
                0x0000000000119a10       0x78 obj/spiffs_nucleus.o
                0x0000000000119a10                spiffs_obj_lu_find_free
 .text.spiffs_obj_lu_find_id_and_span
                0x0000000000119a88       0x74 obj/spiffs_nucleus.o
                0x0000000000119a88                spiffs_obj_lu_find_id_and_span
 .text.spiffs_obj_lu_find_id_and_span_by_phdr
                0x0000000000119afc       0x74 obj/spiffs_nucleus.o
                0x0000000000119afc                spiffs_obj_lu_find_id_and_span_by_phdr
 .text.spiffs_page_allocate_data
                0x0000000000119b70      0x106 obj/spiffs_nucleus.o
                0x0000000000119b70                spiffs_page_allocate_data
 .text.spiffs_page_delete
                0x0000000000119c76       0x5e obj/spiffs_nucleus.o
                0x0000000000119c76                spiffs_page_delete
 .text.spiffs_page_move
                0x0000000000119cd4       0xfc obj/spiffs_nucleus.o
                0x0000000000119cd4                spiffs_page_move
 .text.spiffs_cb_object_event
                0x0000000000119dd0      0x160 obj/spiffs_nucleus.o
                0x0000000000119dd0                spiffs_cb_object_event
 .text.spiffs_object_create
                0x0000000000119f30       0xfc obj/spiffs_nucleus.o
                0x0000000000119f30                spiffs_object_create
 .text.spiffs_object_update_index_hdr
                0x000000000011a02c      0x100 obj/spiffs_nucleus.o
                0x000000000011a02c                spiffs_object_update_index_hdr
 .text.spiffs_object_open_by_page
                0x000000000011a12c       0xb0 obj/spiffs_nucleus.o
                0x000000000011a12c                spiffs_object_open_by_page
 .text.spiffs_object_append
                0x000000000011a1dc      0x570 obj/spiffs_nucleus.o
                0x000000000011a1dc                spiffs_object_append
 .text.spiffs_object_modify
                0x000000000011a74c      0x490 obj/spiffs_nucleus.o
                0x000000000011a74c                spiffs_object_modify
 .text.spiffs_object_find_object_index_header_by_name
                0x000000000011abdc       0x60 obj/spiffs_nucleus.o
                0x000000000011abdc                spiffs_object_find_object_index_header_by_name
 .text.spiffs_object_truncate
                0x000000000011ac3c      0x4b0 obj/spiffs_nucleus.o
                0x000000000011ac3c                spiffs_object_truncate
 .text.spiffs_object_read
                0x000000000011b0ec      0x1f4 obj/spiffs_nucleus.o
                0x000000000011b0ec                spiffs_object_read
 .text.spiffs_obj_lu_find_free_obj_id
                0x000000000011b2e0      0x170 obj/spiffs_nucleus.o
                0x000000000011b2e0                spiffs_obj_lu_find_free_obj_id
 .text.spiffs_fd_find_new
                0x000000000011b450       0xe4 obj/spiffs_nucleus.o
                0x000000000011b450                spiffs_fd_find_new
 .text.spiffs_fd_return
                0x000000000011b534       0x38 obj/spiffs_nucleus.o
                0x000000000011b534                spiffs_fd_return
 .text.spiffs_fd_get
                0x000000000011b56c       0x44 obj/spiffs_nucleus.o
                0x000000000011b56c                spiffs_fd_get
 .text.spiffs_fd_temporal_cache_rehash
                0x000000000011b5b0       0x3a obj/spiffs_nucleus.o
                0x000000000011b5b0                spiffs_fd_temporal_cache_rehash
 .text.spiffs_stat_pix
                0x000000000011b5ea       0x84 obj/spiffs_hydrogen.o
 *fill*         0x000000000011b66e        0x2 
 .text.spiffs_read_dir_v
                0x000000000011b670       0x84 obj/spiffs_hydrogen.o
 .text.spiffs_hydro_write.constprop.0
                0x000000000011b6f4       0x56 obj/spiffs_hydrogen.o
 .text.spiffs_fflush_cache
                0x000000000011b74a       0x62 obj/spiffs_hydrogen.o
 .text.SPIFFS_mount
                0x000000000011b7ac       0xcc obj/spiffs_hydrogen.o
                0x000000000011b7ac                SPIFFS_mount
 .text.SPIFFS_unmount
                0x000000000011b878       0x50 obj/spiffs_hydrogen.o
                0x000000000011b878                SPIFFS_unmount
 .text.SPIFFS_errno
                0x000000000011b8c8        0x4 obj/spiffs_hydrogen.o
                0x000000000011b8c8                SPIFFS_errno
 .text.SPIFFS_clearerr
                0x000000000011b8cc        0x6 obj/spiffs_hydrogen.o
                0x000000000011b8cc                SPIFFS_clearerr
 *fill*         0x000000000011b8d2        0x2 
 .text.SPIFFS_open
                0x000000000011b8d4      0x124 obj/spiffs_hydrogen.o
                0x000000000011b8d4                SPIFFS_open
 .text.SPIFFS_read
                0x000000000011b9f8       0xc8 obj/spiffs_hydrogen.o
                0x000000000011b9f8                SPIFFS_read
 .text.SPIFFS_write
                0x000000000011bac0      0x194 obj/spiffs_hydrogen.o
                0x000000000011bac0                SPIFFS_write
 .text.SPIFFS_remove
                0x000000000011bc54       0xc0 obj/spiffs_hydrogen.o
                0x000000000011bc54                SPIFFS_remove
 .text.SPIFFS_stat
                0x000000000011bd14       0x68 obj/spiffs_hydrogen.o
                0x000000000011bd14                SPIFFS_stat
 .text.SPIFFS_close
                0x000000000011bd7c       0x48 obj/spiffs_hydrogen.o
                0x000000000011bd7c                SPIFFS_close
 .text.SPIFFS_rename
                0x000000000011bdc4       0xfc obj/spiffs_hydrogen.o
                0x000000000011bdc4                SPIFFS_rename
 .text.SPIFFS_opendir
                0x000000000011bec0       0x38 obj/spiffs_hydrogen.o
                0x000000000011bec0                SPIFFS_opendir
 .text.SPIFFS_readdir
                0x000000000011bef8       0x6c obj/spiffs_hydrogen.o
                0x000000000011bef8                SPIFFS_readdir
 .text.SPIFFS_closedir
                0x000000000011bf64       0x2c obj/spiffs_hydrogen.o
                0x000000000011bf64                SPIFFS_closedir
 .text.SPIFFS_check
                0x000000000011bf90       0x4c obj/spiffs_hydrogen.o
                0x000000000011bf90                SPIFFS_check
 .text.SPIFFS_info
                0x000000000011bfdc       0x54 obj/spiffs_hydrogen.o
                0x000000000011bfdc                SPIFFS_info
 .text.SPIFFS_gc_quick
                0x000000000011c030       0x3c obj/spiffs_hydrogen.o
                0x000000000011c030                SPIFFS_gc_quick
 .text.SPIFFS_gc
                0x000000000011c06c       0x3c obj/spiffs_hydrogen.o
                0x000000000011c06c                SPIFFS_gc
 .text.EncodeAddBit
                0x000000000011c0a8       0x5c obj/hfops.o
 .text.EncodeFinish
                0x000000000011c104       0x38 obj/hfops.o
 .text.HfReadADC
                0x000000000011c13c       0xf4 obj/hfops.o
                0x000000000011c13c                HfReadADC
 .text.HfSimulateTkm
                0x000000000011c230      0x29c obj/hfops.o
                0x000000000011c230                HfSimulateTkm
 .text.CodeIso14443aAsTagPar
                0x000000000011c4cc      0x10c obj/iso14443a.o
 .text.dist_nt  0x000000000011c5d8       0x54 obj/iso14443a.o
 .text.printHf14aConfig
                0x000000000011c62c      0x134 obj/iso14443a.o
                0x000000000011c62c                printHf14aConfig
 .text.setHf14aConfig
                0x000000000011c760       0x58 obj/iso14443a.o
                0x000000000011c760                setHf14aConfig
 .text.getHf14aConfig
                0x000000000011c7b8        0x8 obj/iso14443a.o
                0x000000000011c7b8                getHf14aConfig
 .text.iso14a_set_timeout
                0x000000000011c7c0        0xc obj/iso14443a.o
                0x000000000011c7c0                iso14a_set_timeout
 .text.iso14a_get_timeout
                0x000000000011c7cc        0xc obj/iso14443a.o
                0x000000000011c7cc                iso14a_get_timeout
 .text.GetParity
                0x000000000011c7d8       0x54 obj/iso14443a.o
                0x000000000011c7d8                GetParity
 .text.GetUart14a
                0x000000000011c82c        0x8 obj/iso14443a.o
                0x000000000011c82c                GetUart14a
 .text.Uart14aReset
                0x000000000011c834       0x20 obj/iso14443a.o
                0x000000000011c834                Uart14aReset
 .text.Demod14aReset
                0x000000000011c854       0x24 obj/iso14443a.o
                0x000000000011c854                Demod14aReset
 .text.GetIso14443aAnswerFromTag
                0x000000000011c878       0xe8 obj/iso14443a.o
 .text.GetIso14443aCommandFromReader
                0x000000000011c960       0xa8 obj/iso14443a.o
                0x000000000011c960                GetIso14443aCommandFromReader
 .text.prepare_tag_modulation
                0x000000000011ca08       0xc0 obj/iso14443a.o
                0x000000000011ca08                prepare_tag_modulation
 .text.prepare_allocated_tag_modulation
                0x000000000011cac8       0x3e obj/iso14443a.o
                0x000000000011cac8                prepare_allocated_tag_modulation
 *fill*         0x000000000011cb06        0x2 
 .text.SimulateIso14443aInit
                0x000000000011cb08      0x514 obj/iso14443a.o
                0x000000000011cb08                SimulateIso14443aInit
 .text.EmGetCmd
                0x000000000011d01c      0x154 obj/iso14443a.o
                0x000000000011d01c                EmGetCmd
 .text.EmSendCmd14443aRaw
                0x000000000011d170      0x130 obj/iso14443a.o
                0x000000000011d170                EmSendCmd14443aRaw
 .text.EmLogTrace
                0x000000000011d2a0       0x68 obj/iso14443a.o
                0x000000000011d2a0                EmLogTrace
 .text.EmSend4bit
                0x000000000011d308      0x124 obj/iso14443a.o
                0x000000000011d308                EmSend4bit
 .text.EmSendCmdParEx
                0x000000000011d42c       0x7c obj/iso14443a.o
                0x000000000011d42c                EmSendCmdParEx
 .text.EmSendCmdPar
                0x000000000011d4a8        0xe obj/iso14443a.o
                0x000000000011d4a8                EmSendCmdPar
 *fill*         0x000000000011d4b6        0x2 
 .text.EmSendCmdEx
                0x000000000011d4b8       0x28 obj/iso14443a.o
                0x000000000011d4b8                EmSendCmdEx
 .text.EmSendCmd
                0x000000000011d4e0        0xe obj/iso14443a.o
                0x000000000011d4e0                EmSendCmd
 *fill*         0x000000000011d4ee        0x2 
 .text.EmSendPrecompiledCmd
                0x000000000011d4f0       0xe4 obj/iso14443a.o
                0x000000000011d4f0                EmSendPrecompiledCmd
 .text.GetIso14443aAnswerFromTag_Thinfilm
                0x000000000011d5d4      0x298 obj/iso14443a.o
                0x000000000011d5d4                GetIso14443aAnswerFromTag_Thinfilm
 .text.ReaderTransmitBitsPar
                0x000000000011d86c      0x2e4 obj/iso14443a.o
                0x000000000011d86c                ReaderTransmitBitsPar
 .text.ReaderTransmitPar
                0x000000000011db50       0x10 obj/iso14443a.o
                0x000000000011db50                ReaderTransmitPar
 .text.ReaderTransmit
                0x000000000011db60       0x28 obj/iso14443a.o
                0x000000000011db60                ReaderTransmit
 .text.ReaderReceive
                0x000000000011db88       0x44 obj/iso14443a.o
                0x000000000011db88                ReaderReceive
 .text.GetATQA  0x000000000011dbcc       0xd0 obj/iso14443a.o
 .text.iso14443a_select_cardEx
                0x000000000011dc9c      0x5e0 obj/iso14443a.o
                0x000000000011dc9c                iso14443a_select_cardEx
 .text.iso14443a_select_card
                0x000000000011e27c       0x24 obj/iso14443a.o
                0x000000000011e27c                iso14443a_select_card
 .text.iso14443a_fast_select_card
                0x000000000011e2a0       0xd4 obj/iso14443a.o
                0x000000000011e2a0                iso14443a_fast_select_card
 .text.iso14443a_setup
                0x000000000011e374       0x74 obj/iso14443a.o
                0x000000000011e374                iso14443a_setup
 .text.SimulateIso14443aTag
                0x000000000011e3e8      0xadc obj/iso14443a.o
                0x000000000011e3e8                SimulateIso14443aTag
 .text.iso14443a_antifuzz
                0x000000000011eec4      0x180 obj/iso14443a.o
                0x000000000011eec4                iso14443a_antifuzz
 .text.iso14_apdu
                0x000000000011f044      0x15c obj/iso14443a.o
                0x000000000011f044                iso14_apdu
 .text.ReaderIso14443a
                0x000000000011f1a0      0x414 obj/iso14443a.o
                0x000000000011f1a0                ReaderIso14443a
 .text.ReaderMifare
                0x000000000011f5b4      0x4f0 obj/iso14443a.o
                0x000000000011f5b4                ReaderMifare
 .text.DetectNACKbug
                0x000000000011faa4      0x3e0 obj/iso14443a.o
                0x000000000011faa4                DetectNACKbug
 .text.SimulateIso14443aTagAID
                0x000000000011fe84      0x418 obj/iso14443a.o
                0x000000000011fe84                SimulateIso14443aTagAID
 .text.mf_crypto1_decryptEx
                0x000000000012029c       0xa8 obj/mifareutil.o
                0x000000000012029c                mf_crypto1_decryptEx
 .text.mf_crypto1_decrypt
                0x0000000000120344        0xe obj/mifareutil.o
                0x0000000000120344                mf_crypto1_decrypt
 *fill*         0x0000000000120352        0x2 
 .text.mf_crypto1_encryptEx
                0x0000000000120354       0x7c obj/mifareutil.o
                0x0000000000120354                mf_crypto1_encryptEx
 .text.mf_crypto1_encrypt
                0x00000000001203d0       0x14 obj/mifareutil.o
                0x00000000001203d0                mf_crypto1_encrypt
 .text.mf_crypto1_encrypt4bit
                0x00000000001203e4       0x74 obj/mifareutil.o
                0x00000000001203e4                mf_crypto1_encrypt4bit
 .text.mifare_sendcmd
                0x0000000000120458       0x88 obj/mifareutil.o
                0x0000000000120458                mifare_sendcmd
 .text.mifare_sendcmd_short
                0x00000000001204e0      0x16c obj/mifareutil.o
                0x00000000001204e0                mifare_sendcmd_short
 .text.mifare_ultra_readblockEx
                0x000000000012064c       0xd4 obj/mifareutil.o
 .text.mifare_classic_readblock_ex
                0x0000000000120720       0xe8 obj/mifareutil.o
                0x0000000000120720                mifare_classic_readblock_ex
 .text.mifare_classic_readblock
                0x0000000000120808        0xe obj/mifareutil.o
                0x0000000000120808                mifare_classic_readblock
 *fill*         0x0000000000120816        0x2 
 .text.mifare_ul_ev1_auth
                0x0000000000120818       0xa8 obj/mifareutil.o
                0x0000000000120818                mifare_ul_ev1_auth
 .text.mifare_ultra_auth
                0x00000000001208c0      0x2c0 obj/mifareutil.o
                0x00000000001208c0                mifare_ultra_auth
 .text.mifare_ultra_aes_auth
                0x0000000000120b80      0x220 obj/mifareutil.o
                0x0000000000120b80                mifare_ultra_aes_auth
 .text.mifare_ultra_readblock
                0x0000000000120da0       0x28 obj/mifareutil.o
                0x0000000000120da0                mifare_ultra_readblock
 .text.mifare_classic_writeblock_ex
                0x0000000000120dc8      0x1c0 obj/mifareutil.o
                0x0000000000120dc8                mifare_classic_writeblock_ex
 .text.mifare_classic_value
                0x0000000000120f88      0x1a4 obj/mifareutil.o
                0x0000000000120f88                mifare_classic_value
 .text.mifare_ultra_writeblock_compat
                0x000000000012112c       0xc0 obj/mifareutil.o
                0x000000000012112c                mifare_ultra_writeblock_compat
 .text.mifare_ultra_writeblock
                0x00000000001211ec       0x88 obj/mifareutil.o
                0x00000000001211ec                mifare_ultra_writeblock
 .text.mifare_classic_halt
                0x0000000000121274       0x4c obj/mifareutil.o
                0x0000000000121274                mifare_classic_halt
 .text.mifare_ultra_halt
                0x00000000001212c0        0xe obj/mifareutil.o
                0x00000000001212c0                mifare_ultra_halt
 .text.NumBlocksPerSector
                0x00000000001212ce        0xc obj/mifareutil.o
                0x00000000001212ce                NumBlocksPerSector
 .text.FirstBlockOfSector
                0x00000000001212da       0x10 obj/mifareutil.o
                0x00000000001212da                FirstBlockOfSector
 .text.emlSetMem_xt
                0x00000000001212ea       0x10 obj/mifareutil.o
                0x00000000001212ea                emlSetMem_xt
 .text.emlGetMem
                0x00000000001212fa       0x10 obj/mifareutil.o
                0x00000000001212fa                emlGetMem
 .text.emlCheckValBl
                0x000000000012130a       0x86 obj/mifareutil.o
                0x000000000012130a                emlCheckValBl
 .text.emlGetValBl
                0x0000000000121390       0x36 obj/mifareutil.o
                0x0000000000121390                emlGetValBl
 .text.emlSetValBl
                0x00000000001213c6       0x4a obj/mifareutil.o
                0x00000000001213c6                emlSetValBl
 .text.emlGetKey
                0x0000000000121410       0x4a obj/mifareutil.o
                0x0000000000121410                emlGetKey
 *fill*         0x000000000012145a        0x2 
 .text.emlClearMem
                0x000000000012145c       0x64 obj/mifareutil.o
                0x000000000012145c                emlClearMem
 .text.SectorTrailer
                0x00000000001214c0       0x30 obj/mifareutil.o
                0x00000000001214c0                SectorTrailer
 .text.IsSectorTrailer
                0x00000000001214f0       0x14 obj/mifareutil.o
                0x00000000001214f0                IsSectorTrailer
 .text.validate_prng_nonce
                0x0000000000121504       0x48 obj/mifareutil.o
                0x0000000000121504                validate_prng_nonce
 .text.validate_parity_nonce
                0x000000000012154c       0x5c obj/mifareutil.o
                0x000000000012154c                validate_parity_nonce
 .text.nonce16_distance
                0x00000000001215a8       0x4e obj/mifareutil.o
                0x00000000001215a8                nonce16_distance
 .text.nonce_distance
                0x00000000001215f6       0x2c obj/mifareutil.o
                0x00000000001215f6                nonce_distance
 .text.nonce16_index
                0x0000000000121622       0x14 obj/mifareutil.o
                0x0000000000121622                nonce16_index
 *fill*         0x0000000000121636        0x2 
 .text.mifare_classic_authex_cmd
                0x0000000000121638      0x3f4 obj/mifareutil.o
                0x0000000000121638                mifare_classic_authex_cmd
 .text.mifare_classic_authex
                0x0000000000121a2c       0x38 obj/mifareutil.o
                0x0000000000121a2c                mifare_classic_authex
 .text.mifare_classic_auth
                0x0000000000121a64       0x22 obj/mifareutil.o
                0x0000000000121a64                mifare_classic_auth
 .text.rewind_nonce
                0x0000000000121a86       0x40 obj/mifareutil.o
                0x0000000000121a86                rewind_nonce
 *fill*         0x0000000000121ac6        0x2 
 .text.mifare_wakeup_auth
                0x0000000000121ac8      0x218 obj/mifarecmd.o
 .text.chkKey   0x0000000000121ce0       0x54 obj/mifarecmd.o
 .text.mf_reset_card
                0x0000000000121d34       0x1c obj/mifarecmd.o
 .text.MifareECardLoad.part.0
                0x0000000000121d50      0x310 obj/mifarecmd.o
 .text.chkKey_scanB.constprop.0
                0x0000000000122060       0x84 obj/mifarecmd.o
 .text.chkKey_loopBonly.constprop.0
                0x00000000001220e4      0x144 obj/mifarecmd.o
 .text.chkKey_scanA.constprop.0
                0x0000000000122228       0x80 obj/mifarecmd.o
 .text.mifare_cmd_readblocks
                0x00000000001222a8       0xd4 obj/mifarecmd.o
                0x00000000001222a8                mifare_cmd_readblocks
 .text.mifare_cmd_writeblocks
                0x000000000012237c       0xc0 obj/mifarecmd.o
                0x000000000012237c                mifare_cmd_writeblocks
 .text.MifareReadSector
                0x000000000012243c       0x58 obj/mifarecmd.o
                0x000000000012243c                MifareReadSector
 .text.MifareUC_Auth
                0x0000000000122494       0xc4 obj/mifarecmd.o
                0x0000000000122494                MifareUC_Auth
 .text.MifareUL_AES_Auth
                0x0000000000122558       0xb0 obj/mifarecmd.o
                0x0000000000122558                MifareUL_AES_Auth
 .text.MifareUReadBlock
                0x0000000000122608      0x124 obj/mifarecmd.o
                0x0000000000122608                MifareUReadBlock
 .text.MifareUReadCard
                0x000000000012272c      0x18c obj/mifarecmd.o
                0x000000000012272c                MifareUReadCard
 .text.MifareValue
                0x00000000001228b8      0x1f8 obj/mifarecmd.o
                0x00000000001228b8                MifareValue
 .text.MifareUWriteBlock
                0x0000000000122ab0      0x130 obj/mifarecmd.o
                0x0000000000122ab0                MifareUWriteBlock
 .text.MifareUWriteBlockCompat
                0x0000000000122be0      0x13c obj/mifarecmd.o
                0x0000000000122be0                MifareUWriteBlockCompat
 .text.MifareUSetPwd
                0x0000000000122d1c      0x194 obj/mifarecmd.o
                0x0000000000122d1c                MifareUSetPwd
 .text.MifareAcquireNonces
                0x0000000000122eb0      0x220 obj/mifarecmd.o
                0x0000000000122eb0                MifareAcquireNonces
 .text.MifareAcquireEncryptedNonces
                0x00000000001230d0      0x354 obj/mifarecmd.o
                0x00000000001230d0                MifareAcquireEncryptedNonces
 .text.MifareAcquireStaticEncryptedNonces
                0x0000000000123424      0x6ec obj/mifarecmd.o
                0x0000000000123424                MifareAcquireStaticEncryptedNonces
 .text.MifareNested
                0x0000000000123b10      0x628 obj/mifarecmd.o
                0x0000000000123b10                MifareNested
 .text.MifareStaticNested
                0x0000000000124138      0x32c obj/mifarecmd.o
                0x0000000000124138                MifareStaticNested
 .text.MifareChkKeys
                0x0000000000124464      0x1a8 obj/mifarecmd.o
                0x0000000000124464                MifareChkKeys
 .text.MifareChkKeys_file
                0x000000000012460c       0x52 obj/mifarecmd.o
                0x000000000012460c                MifareChkKeys_file
 *fill*         0x000000000012465e        0x2 
 .text.MifarePersonalizeUID
                0x0000000000124660      0x11c obj/mifarecmd.o
                0x0000000000124660                MifarePersonalizeUID
 .text.MifareEMemClr
                0x000000000012477c       0x12 obj/mifarecmd.o
                0x000000000012477c                MifareEMemClr
 *fill*         0x000000000012478e        0x2 
 .text.MifareEMemGet
                0x0000000000124790       0x64 obj/mifarecmd.o
                0x0000000000124790                MifareEMemGet
 .text.MifareECardLoad
                0x00000000001247f4       0x30 obj/mifarecmd.o
                0x00000000001247f4                MifareECardLoad
 .text.MifareChkKeys_fast
                0x0000000000124824      0x778 obj/mifarecmd.o
                0x0000000000124824                MifareChkKeys_fast
 .text.MifareECardLoadExt
                0x0000000000124f9c       0x24 obj/mifarecmd.o
                0x0000000000124f9c                MifareECardLoadExt
 .text.OnSuccessMagic
                0x0000000000124fc0       0x1a obj/mifarecmd.o
                0x0000000000124fc0                OnSuccessMagic
 *fill*         0x0000000000124fda        0x2 
 .text.MifareCIdent
                0x0000000000124fdc      0x498 obj/mifarecmd.o
                0x0000000000124fdc                MifareCIdent
 .text.MifareHasStaticNonce
                0x0000000000125474      0x130 obj/mifarecmd.o
                0x0000000000125474                MifareHasStaticNonce
 .text.MifareHasStaticEncryptedNonce
                0x00000000001255a4      0x45c obj/mifarecmd.o
                0x00000000001255a4                MifareHasStaticEncryptedNonce
 .text.OnErrorMagic
                0x0000000000125a00       0x2e obj/mifarecmd.o
                0x0000000000125a00                OnErrorMagic
 *fill*         0x0000000000125a2e        0x2 
 .text.MifareCSetBlock
                0x0000000000125a30      0x324 obj/mifarecmd.o
                0x0000000000125a30                MifareCSetBlock
 .text.MifareCGetBlock
                0x0000000000125d54      0x23c obj/mifarecmd.o
                0x0000000000125d54                MifareCGetBlock
 .text.DoGen3Cmd
                0x0000000000125f90       0xa4 obj/mifarecmd.o
                0x0000000000125f90                DoGen3Cmd
 .text.MifareGen3UID
                0x0000000000126034       0xd0 obj/mifarecmd.o
                0x0000000000126034                MifareGen3UID
 .text.MifareGen3Blk
                0x0000000000126104      0x150 obj/mifarecmd.o
                0x0000000000126104                MifareGen3Blk
 .text.MifareGen3Freez
                0x0000000000126254       0x68 obj/mifarecmd.o
                0x0000000000126254                MifareGen3Freez
 .text.MifareG4ReadBlk
                0x00000000001262bc      0x150 obj/mifarecmd.o
                0x00000000001262bc                MifareG4ReadBlk
 .text.MifareG4WriteBlk
                0x000000000012640c      0x17c obj/mifarecmd.o
                0x000000000012640c                MifareG4WriteBlk
 .text.MifareSetMod
                0x0000000000126588      0x148 obj/mifarecmd.o
                0x0000000000126588                MifareSetMod
 .text.MifareU_Otp_Tearoff
                0x00000000001266d0       0xf0 obj/mifarecmd.o
                0x00000000001266d0                MifareU_Otp_Tearoff
 .text.MifareU_Counter_Tearoff
                0x00000000001267c0       0xd4 obj/mifarecmd.o
                0x00000000001267c0                MifareU_Counter_Tearoff
 .text.EPA_Setup
                0x0000000000126894       0xb0 obj/epa.o
 .text.EPA_Parse_CardAccess
                0x0000000000126944       0xb8 obj/epa.o
 .text.EPA_Finish
                0x00000000001269fc       0x20 obj/epa.o
 .text.EPA_PACE_Collect_Nonce_Abort
                0x0000000000126a1c       0x34 obj/epa.o
 .text.EPA_APDU
                0x0000000000126a50       0x40 obj/epa.o
 .text.EPA_Read_CardAccess
                0x0000000000126a90       0x98 obj/epa.o
 .text.EPA_PACE_Collect_Nonce
                0x0000000000126b28      0x178 obj/epa.o
                0x0000000000126b28                EPA_PACE_Collect_Nonce
 .text.EPA_PACE_Replay
                0x0000000000126ca0      0x164 obj/epa.o
                0x0000000000126ca0                EPA_PACE_Replay
 .text.EPA_PACE_Simulate
                0x0000000000126e04       0x84 obj/epa.o
                0x0000000000126e04                EPA_PACE_Simulate
 .text.IsAccessAllowed
                0x0000000000126e88      0x2a8 obj/mifaresim.o
 .text.Mifare1ksim
                0x0000000000127130     0x1a88 obj/mifaresim.o
                0x0000000000127130                Mifare1ksim
 .text.Uart14bReset
                0x0000000000128bb8       0x1c obj/iso14443b.o
 .text.Demod14bReset
                0x0000000000128bd4       0x1c obj/iso14443b.o
 .text.iso14b_set_timeout
                0x0000000000128bf0       0x34 obj/iso14443b.o
 .text.iso14b_set_fwt
                0x0000000000128c24       0x34 obj/iso14443b.o
 .text.CodeIso14443bAsTag
                0x0000000000128c58      0x11c obj/iso14443b.o
 .text.CodeAndTransmit14443bAsReader
                0x0000000000128d74      0x254 obj/iso14443b.o
 .text.TransmitFor14443b_AsTag
                0x0000000000128fc8       0x54 obj/iso14443b.o
 .text.Get14443bAnswerFromTag
                0x000000000012901c      0x1ac obj/iso14443b.o
 .text.iso14443b_select_srx_card
                0x00000000001291c8      0x184 obj/iso14443b.o
 .text.SimulateIso14443bTag
                0x000000000012934c      0x308 obj/iso14443b.o
                0x000000000012934c                SimulateIso14443bTag
 .text.iso14443b_apdu
                0x0000000000129654      0x1d8 obj/iso14443b.o
                0x0000000000129654                iso14443b_apdu
 .text.iso14443b_select_card
                0x000000000012982c      0x1b8 obj/iso14443b.o
                0x000000000012982c                iso14443b_select_card
 .text.iso14443b_setup
                0x00000000001299e4       0x84 obj/iso14443b.o
                0x00000000001299e4                iso14443b_setup
 .text.read_14b_st_block
                0x0000000000129a68       0xe8 obj/iso14443b.o
                0x0000000000129a68                read_14b_st_block
 .text.SniffIso14443b
                0x0000000000129b50      0x344 obj/iso14443b.o
                0x0000000000129b50                SniffIso14443b
 .text.SendRawCommand14443B
                0x0000000000129e94      0xcd4 obj/iso14443b.o
                0x0000000000129e94                SendRawCommand14443B
 .text.filter   0x000000000012ab68       0x6c obj/crypto1.o
                0x000000000012ab68                filter
 .text.crypto1_init
                0x000000000012abd4       0x50 obj/crypto1.o
                0x000000000012abd4                crypto1_init
 .text.crypto1_deinit
                0x000000000012ac24        0x8 obj/crypto1.o
                0x000000000012ac24                crypto1_deinit
 .text.crypto1_bit
                0x000000000012ac2c       0x4c obj/crypto1.o
                0x000000000012ac2c                crypto1_bit
 .text.crypto1_byte
                0x000000000012ac78       0xb4 obj/crypto1.o
                0x000000000012ac78                crypto1_byte
 .text.crypto1_word
                0x000000000012ad2c      0x286 obj/crypto1.o
                0x000000000012ad2c                crypto1_word
 *fill*         0x000000000012afb2        0x2 
 .text.prng_successor
                0x000000000012afb4       0x4c obj/crypto1.o
                0x000000000012afb4                prng_successor